<html>
<body>
<pre>
<h1>µVision Build Log</h1>
<h2>Tool Versions:</h2>
IDE-Version: ¦ÌVision V5.40.0.0
Copyright (C) 2024 ARM Ltd and ARM Germany GmbH. All rights reserved.
License Information:  ,  , LIC=7YKYW-QVAUD-4AXDE-59L9Q-GZ9PA-UWWD9
 
Tool Versions:
Toolchain:       MDK-ARM Professional  Version: 5.40.0.3
Toolchain Path:  D:\App\Keil_V5\ARM\ARMCC\Bin
C Compiler:      Armcc.exe V5.06 update 6 (build 750)
Assembler:       Armasm.exe V5.06 update 6 (build 750)
Linker/Locator:  ArmLink.exe V5.06 update 6 (build 750)
Library Manager: ArmAr.exe V5.06 update 6 (build 750)
Hex Converter:   FromElf.exe V5.06 update 6 (build 750)
CPU DLL:         SARMCM3.DLL V5.40.0.3
Dialog DLL:      DCM.DLL V1.17.5.0
Target DLL:      Segger\JL2CM3.dll V2.99.44.0
Dialog DLL:      TCM.DLL V1.56.4.0
 
<h2>Project:</h2>
D:\Stuty_material\Lab\HERO\hero-v1.0-master\MDK-ARM\heroV1.0.uvprojx
Project File Date:  09/18/2024

<h2>Output:</h2>
*** Using Compiler 'V5.06 update 6 (build 750)', folder: 'D:\App\Keil_V5\ARM\ARMCC\Bin'
Build target 'heroV1.0'
compiling main.c...
../Core/Src/main.c(118): warning:  #177-D: variable "data"  was declared but never referenced
  	double data[1024];
../Core/Src/main.c: 1 warning, 0 errors
linking...
Program Size: Code=35020 RO-data=1004 RW-data=336 ZI-data=6792  
FromELF: creating hex file...
"heroV1.0\heroV1.0" - 0 Error(s), 1 Warning(s).

<h2>Software Packages used:</h2>

Package Vendor: ARM
                https://www.keil.com/pack/ARM.CMSIS.6.1.0.pack
                ARM::CMSIS@6.1.0
                CMSIS (Common Microcontroller Software Interface Standard)
   * Component: CORE Version: 6.1.0

Package Vendor: Keil
                http://www.keil.com/pack/Keil.STM32F4xx_DFP.2.9.0.pack
                Keil::STM32F4xx_DFP@2.9.0
                STMicroelectronics STM32F4 Series Device Support, Drivers and Examples

<h2>Collection of Component include folders:</h2>
  ./RTE/_heroV1.0
  D:/App/Keil_V5/Arm/Packs/ARM/CMSIS/6.1.0/CMSIS/Core/Include
  D:/App/Keil_V5/Arm/Packs/Keil/STM32F4xx_DFP/2.9.0/Drivers/CMSIS/Device/ST/STM32F4xx/Include

<h2>Collection of Component Files used:</h2>

   * Component: ARM::CMSIS:CORE@6.1.0
      Include file:  CMSIS/Core/Include/tz_context.h
Build Time Elapsed:  00:00:03
</pre>
</body>
</html>
