Component: ARM Compiler 5.06 update 6 (build 750) Tool: armlink [4d35ed]

==============================================================================

Section Cross References

    startup_stm32f446xx.o(STACK) refers (Special) to heapauxi.o(.text) for __use_two_region_memory
    startup_stm32f446xx.o(HEAP) refers (Special) to heapauxi.o(.text) for __use_two_region_memory
    startup_stm32f446xx.o(RESET) refers (Special) to heapauxi.o(.text) for __use_two_region_memory
    startup_stm32f446xx.o(RESET) refers to startup_stm32f446xx.o(STACK) for __initial_sp
    startup_stm32f446xx.o(RESET) refers to startup_stm32f446xx.o(.text) for Reset_Handler
    startup_stm32f446xx.o(RESET) refers to stm32f4xx_it.o(i.NMI_Handler) for NMI_Handler
    startup_stm32f446xx.o(RESET) refers to stm32f4xx_it.o(i.HardFault_Handler) for HardFault_Handler
    startup_stm32f446xx.o(RESET) refers to stm32f4xx_it.o(i.MemManage_Handler) for MemManage_Handler
    startup_stm32f446xx.o(RESET) refers to stm32f4xx_it.o(i.BusFault_Handler) for BusFault_Handler
    startup_stm32f446xx.o(RESET) refers to stm32f4xx_it.o(i.UsageFault_Handler) for UsageFault_Handler
    startup_stm32f446xx.o(RESET) refers to stm32f4xx_it.o(i.SVC_Handler) for SVC_Handler
    startup_stm32f446xx.o(RESET) refers to stm32f4xx_it.o(i.DebugMon_Handler) for DebugMon_Handler
    startup_stm32f446xx.o(RESET) refers to stm32f4xx_it.o(i.PendSV_Handler) for PendSV_Handler
    startup_stm32f446xx.o(RESET) refers to stm32f4xx_it.o(i.SysTick_Handler) for SysTick_Handler
    startup_stm32f446xx.o(RESET) refers to stm32f4xx_it.o(i.USART1_IRQHandler) for USART1_IRQHandler
    startup_stm32f446xx.o(RESET) refers to stm32f4xx_it.o(i.DMA2_Stream2_IRQHandler) for DMA2_Stream2_IRQHandler
    startup_stm32f446xx.o(RESET) refers to stm32f4xx_it.o(i.DMA2_Stream7_IRQHandler) for DMA2_Stream7_IRQHandler
    startup_stm32f446xx.o(.text) refers (Special) to heapauxi.o(.text) for __use_two_region_memory
    startup_stm32f446xx.o(.text) refers to system_stm32f4xx.o(i.SystemInit) for SystemInit
    startup_stm32f446xx.o(.text) refers to __main.o(!!!main) for __main
    startup_stm32f446xx.o(.text) refers to startup_stm32f446xx.o(HEAP) for Heap_Mem
    startup_stm32f446xx.o(.text) refers to startup_stm32f446xx.o(STACK) for Stack_Mem
    soft_iic.o(i.I2C_Bus_Init) refers to gpio.o(i.gpio_init) for gpio_init
    soft_iic.o(i.I2C_Bus_Init) refers to stm32f4xx_hal_gpio.o(i.HAL_GPIO_WritePin) for HAL_GPIO_WritePin
    soft_iic.o(i.I2C_Bus_Init) refers to soft_iic.o(i.delay_us) for delay_us
    soft_iic.o(i.I2C_Bus_Init) refers to soft_iic.o(.data) for .data
    soft_iic.o(i.get_iic_retry) refers to soft_iic.o(.data) for .data
    soft_iic.o(i.set_iic_retry) refers to soft_iic.o(.data) for .data
    soft_iic.o(i.soft_iic_read) refers to soft_iic.o(i.soft_iic_start) for soft_iic_start
    soft_iic.o(i.soft_iic_read) refers to soft_iic.o(i.soft_iic_send_byte) for soft_iic_send_byte
    soft_iic.o(i.soft_iic_read) refers to soft_iic.o(i.soft_iic_read_byte_with_ack) for soft_iic_read_byte_with_ack
    soft_iic.o(i.soft_iic_read) refers to soft_iic.o(i.soft_iic_stop) for soft_iic_stop
    soft_iic.o(i.soft_iic_read) refers to soft_iic.o(i.soft_iic_read_byte) for soft_iic_read_byte
    soft_iic.o(i.soft_iic_read_byte) refers to stm32f4xx_hal_gpio.o(i.HAL_GPIO_WritePin) for HAL_GPIO_WritePin
    soft_iic.o(i.soft_iic_read_byte) refers to soft_iic.o(i.delay_us) for delay_us
    soft_iic.o(i.soft_iic_read_byte) refers to stm32f4xx_hal_gpio.o(i.HAL_GPIO_ReadPin) for HAL_GPIO_ReadPin
    soft_iic.o(i.soft_iic_read_byte_with_ack) refers to stm32f4xx_hal_gpio.o(i.HAL_GPIO_WritePin) for HAL_GPIO_WritePin
    soft_iic.o(i.soft_iic_read_byte_with_ack) refers to soft_iic.o(i.delay_us) for delay_us
    soft_iic.o(i.soft_iic_read_byte_with_ack) refers to stm32f4xx_hal_gpio.o(i.HAL_GPIO_ReadPin) for HAL_GPIO_ReadPin
    soft_iic.o(i.soft_iic_send_byte) refers to stm32f4xx_hal_gpio.o(i.HAL_GPIO_WritePin) for HAL_GPIO_WritePin
    soft_iic.o(i.soft_iic_send_byte) refers to soft_iic.o(i.delay_us) for delay_us
    soft_iic.o(i.soft_iic_send_byte) refers to soft_iic.o(i.soft_iic_wait_ack) for soft_iic_wait_ack
    soft_iic.o(i.soft_iic_start) refers to stm32f4xx_hal_gpio.o(i.HAL_GPIO_WritePin) for HAL_GPIO_WritePin
    soft_iic.o(i.soft_iic_start) refers to soft_iic.o(i.delay_us) for delay_us
    soft_iic.o(i.soft_iic_start) refers to stm32f4xx_hal_gpio.o(i.HAL_GPIO_ReadPin) for HAL_GPIO_ReadPin
    soft_iic.o(i.soft_iic_stop) refers to stm32f4xx_hal_gpio.o(i.HAL_GPIO_WritePin) for HAL_GPIO_WritePin
    soft_iic.o(i.soft_iic_stop) refers to soft_iic.o(i.delay_us) for delay_us
    soft_iic.o(i.soft_iic_wait_ack) refers to stm32f4xx_hal_gpio.o(i.HAL_GPIO_WritePin) for HAL_GPIO_WritePin
    soft_iic.o(i.soft_iic_wait_ack) refers to soft_iic.o(i.delay_us) for delay_us
    soft_iic.o(i.soft_iic_wait_ack) refers to soft_iic.o(i.soft_iic_stop) for soft_iic_stop
[...]
    _printf_return_value                     0x00000000   Number         0  printf_stubs.o ABSOLUTE
    _printf_sizespec                         0x00000000   Number         0  printf_stubs.o ABSOLUTE
    _printf_widthprec                        0x00000000   Number         0  printf_stubs.o ABSOLUTE
    __ARM_exceptions_init                     - Undefined Weak Reference
    __alloca_initialize                       - Undefined Weak Reference
    __arm_preinit_                            - Undefined Weak Reference
    __cpp_initialize__aeabi_                  - Undefined Weak Reference
    __cxa_finalize                            - Undefined Weak Reference
    __sigvec_lookup                           - Undefined Weak Reference
    _atexit_init                              - Undefined Weak Reference
    _call_atexit_fns                          - Undefined Weak Reference
    _clock_init                               - Undefined Weak Reference
    _fp_trap_init                             - Undefined Weak Reference
    _fp_trap_shutdown                         - Undefined Weak Reference
    _get_lc_collate                           - Undefined Weak Reference
    _get_lc_monetary                          - Undefined Weak Reference
    _get_lc_time                              - Undefined Weak Reference
    _getenv_init                              - Undefined Weak Reference
    _handle_redirection                       - Undefined Weak Reference
    _init_alloc                               - Undefined Weak Reference
    _init_user_alloc                          - Undefined Weak Reference
    _initio                                   - Undefined Weak Reference
    _mutex_acquire                            - Undefined Weak Reference
    _mutex_release                            - Undefined Weak Reference
    _printf_mbtowc                            - Undefined Weak Reference
    _printf_wc                                - Undefined Weak Reference
    _rand_init                                - Undefined Weak Reference
    _signal_finish                            - Undefined Weak Reference
    _signal_init                              - Undefined Weak Reference
    _terminate_alloc                          - Undefined Weak Reference
    _terminate_user_alloc                     - Undefined Weak Reference
    _terminateio                              - Undefined Weak Reference
    __Vectors_Size                           0x000001c4   Number         0  startup_stm32f446xx.o ABSOLUTE
    __Vectors                                0x08000000   Data           4  startup_stm32f446xx.o(RESET)
    __Vectors_End                            0x080001c4   Data           0  startup_stm32f446xx.o(RESET)
    __main                                   0x080001c5   Thumb Code     8  __main.o(!!!main)
    __scatterload                            0x080001cd   Thumb Code     0  __scatter.o(!!!scatter)
    __scatterload_rt2                        0x080001cd   Thumb Code    44  __scatter.o(!!!scatter)
    __scatterload_rt2_thumb_only             0x080001cd   Thumb Code     0  __scatter.o(!!!scatter)
    __scatterload_null                       0x080001db   Thumb Code     0  __scatter.o(!!!scatter)
    __decompress                             0x08000201   Thumb Code    90  __dczerorl2.o(!!dczerorl2)
    __decompress1                            0x08000201   Thumb Code     0  __dczerorl2.o(!!dczerorl2)
    __scatterload_zeroinit                   0x0800025d   Thumb Code    28  __scatter_zi.o(!!handler_zi)
    _printf_f                                0x08000279   Thumb Code     0  _printf_f.o(.ARM.Collect$$_printf_percent$$00000003)
    _printf_percent                          0x08000279   Thumb Code     0  _printf_percent.o(.ARM.Collect$$_printf_percent$$00000000)
    _printf_d                                0x0800027f   Thumb Code     0  _printf_d.o(.ARM.Collect$$_printf_percent$$00000009)
    _printf_s                                0x08000285   Thumb Code     0  _printf_s.o(.ARM.Collect$$_printf_percent$$00000014)
    _printf_percent_end                      0x0800028b   Thumb Code     0  _printf_percent_end.o(.ARM.Collect$$_printf_percent$$00000017)
    __rt_lib_init                            0x0800028f   Thumb Code     0  libinit.o(.ARM.Collect$$libinit$$00000000)
    __rt_lib_init_fp_1                       0x08000291   Thumb Code     0  libinit2.o(.ARM.Collect$$libinit$$00000002)
    __rt_lib_init_heap_1                     0x08000291   Thumb Code     0  libinit2.o(.ARM.Collect$$libinit$$0000000A)
    __rt_lib_init_lc_common                  0x08000291   Thumb Code     0  libinit2.o(.ARM.Collect$$libinit$$0000000F)
    __rt_lib_init_preinit_1                  0x08000291   Thumb Code     0  libinit2.o(.ARM.Collect$$libinit$$00000004)
    __rt_lib_init_rand_1                     0x08000291   Thumb Code     0  libinit2.o(.ARM.Collect$$libinit$$0000000E)
    __rt_lib_init_user_alloc_1               0x08000291   Thumb Code     0  libinit2.o(.ARM.Collect$$libinit$$0000000C)
    __rt_lib_init_lc_collate_1               0x08000297   Thumb Code     0  libinit2.o(.ARM.Collect$$libinit$$00000011)
    __rt_lib_init_lc_ctype_1                 0x08000297   Thumb Code     0  libinit2.o(.ARM.Collect$$libinit$$00000013)
    __rt_lib_init_lc_monetary_1              0x08000297   Thumb Code     0  libinit2.o(.ARM.Collect$$libinit$$00000015)
    __rt_lib_init_lc_numeric_2               0x08000297   Thumb Code     0  libinit2.o(.ARM.Collect$$libinit$$00000016)
    __rt_lib_init_alloca_1                   0x080002a1   Thumb Code     0  libinit2.o(.ARM.Collect$$libinit$$0000002E)
    __rt_lib_init_argv_1                     0x080002a1   Thumb Code     0  libinit2.o(.ARM.Collect$$libinit$$0000002C)
    __rt_lib_init_atexit_1                   0x080002a1   Thumb Code     0  libinit2.o(.ARM.Collect$$libinit$$0000001B)
    __rt_lib_init_clock_1                    0x080002a1   Thumb Code     0  libinit2.o(.ARM.Collect$$libinit$$00000021)
    __rt_lib_init_cpp_1                      0x080002a1   Thumb Code     0  libinit2.o(.ARM.Collect$$libinit$$00000032)
    __rt_lib_init_exceptions_1               0x080002a1   Thumb Code     0  libinit2.o(.ARM.Collect$$libinit$$00000030)
    __rt_lib_init_fp_trap_1                  0x080002a1   Thumb Code     0  libinit2.o(.ARM.Collect$$libinit$$0000001F)
    __rt_lib_init_getenv_1                   0x080002a1   Thumb Code     0  libinit2.o(.ARM.Collect$$libinit$$00000023)
    __rt_lib_init_lc_numeric_1               0x080002a1   Thumb Code     0  libinit2.o(.ARM.Collect$$libinit$$00000017)
    __rt_lib_init_lc_time_1                  0x080002a1   Thumb Code     0  libinit2.o(.ARM.Collect$$libinit$$00000019)
    __rt_lib_init_return                     0x080002a1   Thumb Code     0  libinit2.o(.ARM.Collect$$libinit$$00000033)
    __rt_lib_init_signal_1                   0x080002a1   Thumb Code     0  libinit2.o(.ARM.Collect$$libinit$$0000001D)
    __rt_lib_init_stdio_1                    0x080002a1   Thumb Code     0  libinit2.o(.ARM.Collect$$libinit$$00000025)
    __rt_lib_shutdown                        0x080002a3   Thumb Code     0  libshutdown.o(.ARM.Collect$$libshutdown$$00000000)
    __rt_lib_shutdown_cpp_1                  0x080002a5   Thumb Code     0  libshutdown2.o(.ARM.Collect$$libshutdown$$00000002)
    __rt_lib_shutdown_fp_trap_1              0x080002a5   Thumb Code     0  libshutdown2.o(.ARM.Collect$$libshutdown$$00000007)
    __rt_lib_shutdown_heap_1                 0x080002a5   Thumb Code     0  libshutdown2.o(.ARM.Collect$$libshutdown$$0000000F)
    __rt_lib_shutdown_return                 0x080002a5   Thumb Code     0  libshutdown2.o(.ARM.Collect$$libshutdown$$00000010)
    __rt_lib_shutdown_signal_1               0x080002a5   Thumb Code     0  libshutdown2.o(.ARM.Collect$$libshutdown$$0000000A)
    __rt_lib_shutdown_stdio_1                0x080002a5   Thumb Code     0  libshutdown2.o(.ARM.Collect$$libshutdown$$00000004)
    __rt_lib_shutdown_user_alloc_1           0x080002a5   Thumb Code     0  libshutdown2.o(.ARM.Collect$$libshutdown$$0000000C)
    __rt_entry                               0x080002a7   Thumb Code     0  __rtentry.o(.ARM.Collect$$rtentry$$00000000)
    __rt_entry_presh_1                       0x080002a7   Thumb Code     0  __rtentry2.o(.ARM.Collect$$rtentry$$00000002)
    __rt_entry_sh                            0x080002a7   Thumb Code     0  __rtentry4.o(.ARM.Collect$$rtentry$$00000004)
    __rt_entry_li                            0x080002ad   Thumb Code     0  __rtentry2.o(.ARM.Collect$$rtentry$$0000000A)
    __rt_entry_postsh_1                      0x080002ad   Thumb Code     0  __rtentry2.o(.ARM.Collect$$rtentry$$00000009)
    __rt_entry_main                          0x080002b1   Thumb Code     0  __rtentry2.o(.ARM.Collect$$rtentry$$0000000D)
    __rt_entry_postli_1                      0x080002b1   Thumb Code     0  __rtentry2.o(.ARM.Collect$$rtentry$$0000000C)
    __rt_exit                                0x080002b9   Thumb Code     0  rtexit.o(.ARM.Collect$$rtexit$$00000000)
    __rt_exit_ls                             0x080002bb   Thumb Code     0  rtexit2.o(.ARM.Collect$$rtexit$$00000003)
    __rt_exit_prels_1                        0x080002bb   Thumb Code     0  rtexit2.o(.ARM.Collect$$rtexit$$00000002)
    __rt_exit_exit                           0x080002bf   Thumb Code     0  rtexit2.o(.ARM.Collect$$rtexit$$00000004)
    Reset_Handler                            0x080002c5   Thumb Code     8  startup_stm32f446xx.o(.text)
    ADC_IRQHandler                           0x080002df   Thumb Code     0  startup_stm32f446xx.o(.text)
    CAN1_RX0_IRQHandler                      0x080002df   Thumb Code     0  startup_stm32f446xx.o(.text)
    CAN1_RX1_IRQHandler                      0x080002df   Thumb Code     0  startup_stm32f446xx.o(.text)
    CAN1_SCE_IRQHandler                      0x080002df   Thumb Code     0  startup_stm32f446xx.o(.text)
    CAN1_TX_IRQHandler                       0x080002df   Thumb Code     0  startup_stm32f446xx.o(.text)
    CAN2_RX0_IRQHandler                      0x080002df   Thumb Code     0  startup_stm32f446xx.o(.text)
    CAN2_RX1_IRQHandler                      0x080002df   Thumb Code     0  startup_stm32f446xx.o(.text)
    CAN2_SCE_IRQHandler                      0x080002df   Thumb Code     0  startup_stm32f446xx.o(.text)
    CAN2_TX_IRQHandler                       0x080002df   Thumb Code     0  startup_stm32f446xx.o(.text)
    CEC_IRQHandler                           0x080002df   Thumb Code     0  startup_stm32f446xx.o(.text)
    DCMI_IRQHandler                          0x080002df   Thumb Code     0  startup_stm32f446xx.o(.text)
    DMA1_Stream0_IRQHandler                  0x080002df   Thumb Code     0  startup_stm32f446xx.o(.text)
    DMA1_Stream1_IRQHandler                  0x080002df   Thumb Code     0  startup_stm32f446xx.o(.text)
    DMA1_Stream2_IRQHandler                  0x080002df   Thumb Code     0  startup_stm32f446xx.o(.text)
    DMA1_Stream3_IRQHandler                  0x080002df   Thumb Code     0  startup_stm32f446xx.o(.text)
    DMA1_Stream4_IRQHandler                  0x080002df   Thumb Code     0  startup_stm32f446xx.o(.text)
    DMA1_Stream5_IRQHandler                  0x080002df   Thumb Code     0  startup_stm32f446xx.o(.text)
    DMA1_Stream6_IRQHandler                  0x080002df   Thumb Code     0  startup_stm32f446xx.o(.text)
    DMA1_Stream7_IRQHandler                  0x080002df   Thumb Code     0  startup_stm32f446xx.o(.text)
    DMA2_Stream0_IRQHandler                  0x080002df   Thumb Code     0  startup_stm32f446xx.o(.text)
    DMA2_Stream1_IRQHandler                  0x080002df   Thumb Code     0  startup_stm32f446xx.o(.text)
    DMA2_Stream3_IRQHandler                  0x080002df   Thumb Code     0  startup_stm32f446xx.o(.text)
    DMA2_Stream4_IRQHandler                  0x080002df   Thumb Code     0  startup_stm32f446xx.o(.text)
    DMA2_Stream5_IRQHandler                  0x080002df   Thumb Code     0  startup_stm32f446xx.o(.text)
    DMA2_Stream6_IRQHandler                  0x080002df   Thumb Code     0  startup_stm32f446xx.o(.text)
    EXTI0_IRQHandler                         0x080002df   Thumb Code     0  startup_stm32f446xx.o(.text)
    EXTI15_10_IRQHandler                     0x080002df   Thumb Code     0  startup_stm32f446xx.o(.text)
    EXTI1_IRQHandler                         0x080002df   Thumb Code     0  startup_stm32f446xx.o(.text)
    EXTI2_IRQHandler                         0x080002df   Thumb Code     0  startup_stm32f446xx.o(.text)
    EXTI3_IRQHandler                         0x080002df   Thumb Code     0  startup_stm32f446xx.o(.text)
    EXTI4_IRQHandler                         0x080002df   Thumb Code     0  startup_stm32f446xx.o(.text)
    EXTI9_5_IRQHandler                       0x080002df   Thumb Code     0  startup_stm32f446xx.o(.text)
    FLASH_IRQHandler                         0x080002df   Thumb Code     0  startup_stm32f446xx.o(.text)
    FMC_IRQHandler                           0x080002df   Thumb Code     0  startup_stm32f446xx.o(.text)
    FMPI2C1_ER_IRQHandler                    0x080002df   Thumb Code     0  startup_stm32f446xx.o(.text)
    FMPI2C1_EV_IRQHandler                    0x080002df   Thumb Code     0  startup_stm32f446xx.o(.text)
    FPU_IRQHandler                           0x080002df   Thumb Code     0  startup_stm32f446xx.o(.text)
    I2C1_ER_IRQHandler                       0x080002df   Thumb Code     0  startup_stm32f446xx.o(.text)
    I2C1_EV_IRQHandler                       0x080002df   Thumb Code     0  startup_stm32f446xx.o(.text)
    I2C2_ER_IRQHandler                       0x080002df   Thumb Code     0  startup_stm32f446xx.o(.text)
    I2C2_EV_IRQHandler                       0x080002df   Thumb Code     0  startup_stm32f446xx.o(.text)
    I2C3_ER_IRQHandler                       0x080002df   Thumb Code     0  startup_stm32f446xx.o(.text)
    I2C3_EV_IRQHandler                       0x080002df   Thumb Code     0  startup_stm32f446xx.o(.text)
    OTG_FS_IRQHandler                        0x080002df   Thumb Code     0  startup_stm32f446xx.o(.text)
    OTG_FS_WKUP_IRQHandler                   0x080002df   Thumb Code     0  startup_stm32f446xx.o(.text)
    OTG_HS_EP1_IN_IRQHandler                 0x080002df   Thumb Code     0  startup_stm32f446xx.o(.text)
    OTG_HS_EP1_OUT_IRQHandler                0x080002df   Thumb Code     0  startup_stm32f446xx.o(.text)
    OTG_HS_IRQHandler                        0x080002df   Thumb Code     0  startup_stm32f446xx.o(.text)
    OTG_HS_WKUP_IRQHandler                   0x080002df   Thumb Code     0  startup_stm32f446xx.o(.text)
    PVD_IRQHandler                           0x080002df   Thumb Code     0  startup_stm32f446xx.o(.text)
    QUADSPI_IRQHandler                       0x080002df   Thumb Code     0  startup_stm32f446xx.o(.text)
    RCC_IRQHandler                           0x080002df   Thumb Code     0  startup_stm32f446xx.o(.text)
    RTC_Alarm_IRQHandler                     0x080002df   Thumb Code     0  startup_stm32f446xx.o(.text)
    RTC_WKUP_IRQHandler                      0x080002df   Thumb Code     0  startup_stm32f446xx.o(.text)
    SAI1_IRQHandler                          0x080002df   Thumb Code     0  startup_stm32f446xx.o(.text)
    SAI2_IRQHandler                          0x080002df   Thumb Code     0  startup_stm32f446xx.o(.text)
    SDIO_IRQHandler                          0x080002df   Thumb Code     0  startup_stm32f446xx.o(.text)
    SPDIF_RX_IRQHandler                      0x080002df   Thumb Code     0  startup_stm32f446xx.o(.text)
    SPI1_IRQHandler                          0x080002df   Thumb Code     0  startup_stm32f446xx.o(.text)
    SPI2_IRQHandler                          0x080002df   Thumb Code     0  startup_stm32f446xx.o(.text)
    SPI3_IRQHandler                          0x080002df   Thumb Code     0  startup_stm32f446xx.o(.text)
    SPI4_IRQHandler                          0x080002df   Thumb Code     0  startup_stm32f446xx.o(.text)
    TAMP_STAMP_IRQHandler                    0x080002df   Thumb Code     0  startup_stm32f446xx.o(.text)
    TIM1_BRK_TIM9_IRQHandler                 0x080002df   Thumb Code     0  startup_stm32f446xx.o(.text)
    TIM1_CC_IRQHandler                       0x080002df   Thumb Code     0  startup_stm32f446xx.o(.text)
    TIM1_TRG_COM_TIM11_IRQHandler            0x080002df   Thumb Code     0  startup_stm32f446xx.o(.text)
    TIM1_UP_TIM10_IRQHandler                 0x080002df   Thumb Code     0  startup_stm32f446xx.o(.text)
    TIM2_IRQHandler                          0x080002df   Thumb Code     0  startup_stm32f446xx.o(.text)
    TIM3_IRQHandler                          0x080002df   Thumb Code     0  startup_stm32f446xx.o(.text)
    TIM4_IRQHandler                          0x080002df   Thumb Code     0  startup_stm32f446xx.o(.text)
    TIM5_IRQHandler                          0x080002df   Thumb Code     0  startup_stm32f446xx.o(.text)
    TIM6_DAC_IRQHandler                      0x080002df   Thumb Code     0  startup_stm32f446xx.o(.text)
    TIM7_IRQHandler                          0x080002df   Thumb Code     0  startup_stm32f446xx.o(.text)
    TIM8_BRK_TIM12_IRQHandler                0x080002df   Thumb Code     0  startup_stm32f446xx.o(.text)
    TIM8_CC_IRQHandler                       0x080002df   Thumb Code     0  startup_stm32f446xx.o(.text)
    TIM8_TRG_COM_TIM14_IRQHandler            0x080002df   Thumb Code     0  startup_stm32f446xx.o(.text)
    TIM8_UP_TIM13_IRQHandler                 0x080002df   Thumb Code     0  startup_stm32f446xx.o(.text)
    UART4_IRQHandler                         0x080002df   Thumb Code     0  startup_stm32f446xx.o(.text)
    UART5_IRQHandler                         0x080002df   Thumb Code     0  startup_stm32f446xx.o(.text)
    USART2_IRQHandler                        0x080002df   Thumb Code     0  startup_stm32f446xx.o(.text)
    USART3_IRQHandler                        0x080002df   Thumb Code     0  startup_stm32f446xx.o(.text)
    USART6_IRQHandler                        0x080002df   Thumb Code     0  startup_stm32f446xx.o(.text)
    WWDG_IRQHandler                          0x080002df   Thumb Code     0  startup_stm32f446xx.o(.text)
    __user_initial_stackheap                 0x080002e1   Thumb Code     0  startup_stm32f446xx.o(.text)
    __use_no_semihosting                     0x08000305   Thumb Code     2  use_no_semi_2.o(.text)
    __aeabi_uldivmod                         0x08000307   Thumb Code     0  lludivv7m.o(.text)
    _ll_udiv                                 0x08000307   Thumb Code   238  lludivv7m.o(.text)
    __2printf                                0x080003f5   Thumb Code    20  __2printf.o(.text)
    _printf_pre_padding                      0x0800040d   Thumb Code    44  _printf_pad.o(.text)
    _printf_post_padding                     0x08000439   Thumb Code    34  _printf_pad.o(.text)
    _printf_str                              0x0800045b   Thumb Code    82  _printf_str.o(.text)
    _printf_int_dec                          0x080004ad   Thumb Code   104  _printf_dec.o(.text)
    __printf                                 0x08000525   Thumb Code   388  __printf_flags_ss_wp.o(.text)
    __aeabi_memcpy                           0x080006ad   Thumb Code     0  rt_memcpy_v6.o(.text)
    __rt_memcpy                              0x080006ad   Thumb Code   138  rt_memcpy_v6.o(.text)
    _memcpy_lastbytes                        0x08000713   Thumb Code     0  rt_memcpy_v6.o(.text)
    __aeabi_memcpy4                          0x08000737   Thumb Code     0  rt_memcpy_w.o(.text)
    __aeabi_memcpy8                          0x08000737   Thumb Code     0  rt_memcpy_w.o(.text)
    __rt_memcpy_w                            0x08000737   Thumb Code   100  rt_memcpy_w.o(.text)
    _memcpy_lastbytes_aligned                0x0800077f   Thumb Code     0  rt_memcpy_w.o(.text)
    __aeabi_memclr4                          0x0800079b   Thumb Code     0  rt_memclr_w.o(.text)
    __aeabi_memclr8                          0x0800079b   Thumb Code     0  rt_memclr_w.o(.text)
    __rt_memclr_w                            0x0800079b   Thumb Code    78  rt_memclr_w.o(.text)
    _memset_w                                0x0800079f   Thumb Code     0  rt_memclr_w.o(.text)
    __use_two_region_memory                  0x080007e9   Thumb Code     2  heapauxi.o(.text)
    __rt_heap_escrow$2region                 0x080007eb   Thumb Code     2  heapauxi.o(.text)
    __rt_heap_expand$2region                 0x080007ed   Thumb Code     2  heapauxi.o(.text)
    __I$use$semihosting                      0x080007ef   Thumb Code     0  use_no_semi.o(.text)
    __use_no_semihosting_swi                 0x080007ef   Thumb Code     2  use_no_semi.o(.text)
    __read_errno                             0x080007f1   Thumb Code    10  _rserrno.o(.text)
    __set_errno                              0x080007fb   Thumb Code    12  _rserrno.o(.text)
    _printf_int_common                       0x08000807   Thumb Code   178  _printf_intcommon.o(.text)
    __lib_sel_fp_printf                      0x080008b9   Thumb Code     2  _printf_fp_dec.o(.text)
    _printf_fp_dec_real                      0x08000a6b   Thumb Code   620  _printf_fp_dec.o(.text)
    _printf_char_common                      0x08000ce3   Thumb Code    32  _printf_char_common.o(.text)
    _printf_cs_common                        0x08000d09   Thumb Code    20  _printf_char.o(.text)
    _printf_char                             0x08000d1d   Thumb Code    16  _printf_char.o(.text)
    _printf_string                           0x08000d2d   Thumb Code     8  _printf_char.o(.text)
    _printf_char_file                        0x08000d35   Thumb Code    32  _printf_char_file.o(.text)
    __rt_locale                              0x08000d59   Thumb Code     8  rt_locale_intlibspace.o(.text)
    __aeabi_errno_addr                       0x08000d61   Thumb Code     8  rt_errno_addr_intlibspace.o(.text)
    __errno$intlibspace                      0x08000d61   Thumb Code     0  rt_errno_addr_intlibspace.o(.text)
    __rt_errno_addr$intlibspace              0x08000d61   Thumb Code     0  rt_errno_addr_intlibspace.o(.text)
    _ll_udiv10                               0x08000d69   Thumb Code   138  lludiv10.o(.text)
    _printf_fp_infnan                        0x08000df5   Thumb Code   112  _printf_fp_infnan.o(.text)
    _btod_etento                             0x08000e75   Thumb Code   224  bigflt0.o(.text)
    ferror                                   0x08000f59   Thumb Code     8  ferror.o(.text)
    __user_libspace                          0x08000f61   Thumb Code     8  libspace.o(.text)
    __user_perproc_libspace                  0x08000f61   Thumb Code     0  libspace.o(.text)
    __user_perthread_libspace                0x08000f61   Thumb Code     0  libspace.o(.text)
    __user_setup_stackheap                   0x08000f69   Thumb Code    74  sys_stackheap_outer.o(.text)
    exit                                     0x08000fb3   Thumb Code    18  exit.o(.text)
    strcmp                                   0x08000fc5   Thumb Code   128  strcmpv7m.o(.text)
    _btod_d2e                                0x08001045   Thumb Code    62  btod.o(CL$$btod_d2e)
    _d2e_denorm_low                          0x08001083   Thumb Code    70  btod.o(CL$$btod_d2e_denorm_low)
    _d2e_norm_op1                            0x080010c9   Thumb Code    96  btod.o(CL$$btod_d2e_norm_op1)
    __btod_div_common                        0x08001129   Thumb Code   696  btod.o(CL$$btod_div_common)
    _e2e                                     0x08001461   Thumb Code   220  btod.o(CL$$btod_e2e)
    _btod_ediv                               0x0800153d   Thumb Code    42  btod.o(CL$$btod_ediv)
    _btod_emul                               0x08001567   Thumb Code    42  btod.o(CL$$btod_emul)
    __btod_mult_common                       0x08001591   Thumb Code   580  btod.o(CL$$btod_mult_common)
    BusFault_Handler                         0x080017d5   Thumb Code     2  stm32f4xx_it.o(i.BusFault_Handler)
    Complementary_Filter_x                   0x080017d9   Thumb Code    88  filter.o(i.Complementary_Filter_x)
    Complementary_Filter_y                   0x08001845   Thumb Code    88  filter.o(i.Complementary_Filter_y)
    DMA2_Stream2_IRQHandler                  0x080018b1   Thumb Code     6  stm32f4xx_it.o(i.DMA2_Stream2_IRQHandler)
    DMA2_Stream7_IRQHandler                  0x080018bd   Thumb Code     6  stm32f4xx_it.o(i.DMA2_Stream7_IRQHandler)
    DebugMon_Handler                         0x0800196d   Thumb Code     2  stm32f4xx_it.o(i.DebugMon_Handler)
    Error_Handler                            0x08001971   Thumb Code    10  main.o(i.Error_Handler)
    FLASH_Erase_Sector                       0x08001991   Thumb Code   136  stm32f4xx_hal_flash_ex.o(i.FLASH_Erase_Sector)
    FLASH_FlushCaches                        0x08001a5d   Thumb Code    80  stm32f4xx_hal_flash_ex.o(i.FLASH_FlushCaches)
    FLASH_WaitForLastOperation               0x08001d69   Thumb Code    62  stm32f4xx_hal_flash.o(i.FLASH_WaitForLastOperation)
    HAL_CAN_Init                             0x08001e2d   Thumb Code   662  stm32f4xx_hal_can.o(i.HAL_CAN_Init)
    HAL_CAN_MspInit                          0x08002105   Thumb Code   194  can.o(i.HAL_CAN_MspInit)
    HAL_DMA_Abort                            0x080021e1   Thumb Code   146  stm32f4xx_hal_dma.o(i.HAL_DMA_Abort)
    HAL_DMA_Abort_IT                         0x08002273   Thumb Code    36  stm32f4xx_hal_dma.o(i.HAL_DMA_Abort_IT)
    HAL_DMA_IRQHandler                       0x08002299   Thumb Code   412  stm32f4xx_hal_dma.o(i.HAL_DMA_IRQHandler)
    HAL_DMA_Init                             0x08002439   Thumb Code   666  stm32f4xx_hal_dma.o(i.HAL_DMA_Init)
    HAL_DMA_Start_IT                         0x08002719   Thumb Code   142  stm32f4xx_hal_dma.o(i.HAL_DMA_Start_IT)
    HAL_Delay                                0x080027e1   Thumb Code    32  stm32f4xx_hal.o(i.HAL_Delay)
    HAL_FLASHEx_Erase                        0x08002805   Thumb Code   190  stm32f4xx_hal_flash_ex.o(i.HAL_FLASHEx_Erase)
    HAL_FLASH_Lock                           0x0800290d   Thumb Code    14  stm32f4xx_hal_flash.o(i.HAL_FLASH_Lock)
    HAL_FLASH_Program                        0x08002921   Thumb Code   138  stm32f4xx_hal_flash.o(i.HAL_FLASH_Program)
    HAL_FLASH_Unlock                         0x080029f1   Thumb Code    32  stm32f4xx_hal_flash.o(i.HAL_FLASH_Unlock)
    HAL_GPIO_Init                            0x08002a1d   Thumb Code   636  stm32f4xx_hal_gpio.o(i.HAL_GPIO_Init)
    HAL_GPIO_ReadPin                         0x08002d01   Thumb Code    28  stm32f4xx_hal_gpio.o(i.HAL_GPIO_ReadPin)
    HAL_GPIO_WritePin                        0x08002d59   Thumb Code    46  stm32f4xx_hal_gpio.o(i.HAL_GPIO_WritePin)
    HAL_GetTick                              0x08002dc5   Thumb Code     6  stm32f4xx_hal.o(i.HAL_GetTick)
    HAL_IncTick                              0x08002dd1   Thumb Code    12  stm32f4xx_hal.o(i.HAL_IncTick)
    HAL_Init                                 0x08002de1   Thumb Code    48  stm32f4xx_hal.o(i.HAL_Init)
    HAL_InitTick                             0x08002e15   Thumb Code    54  stm32f4xx_hal.o(i.HAL_InitTick)
    HAL_MspInit                              0x08002e55   Thumb Code    42  stm32f4xx_hal_msp.o(i.HAL_MspInit)
    HAL_NVIC_EnableIRQ                       0x08002e85   Thumb Code    40  stm32f4xx_hal_cortex.o(i.HAL_NVIC_EnableIRQ)
    HAL_NVIC_SetPriority                     0x08002ee9   Thumb Code    94  stm32f4xx_hal_cortex.o(i.HAL_NVIC_SetPriority)
    HAL_NVIC_SetPriorityGrouping             0x08002f89   Thumb Code    58  stm32f4xx_hal_cortex.o(i.HAL_NVIC_SetPriorityGrouping)
    HAL_PWREx_EnableOverDrive                0x08003009   Thumb Code    98  stm32f4xx_hal_pwr_ex.o(i.HAL_PWREx_EnableOverDrive)
    HAL_RCC_ClockConfig                      0x08003079   Thumb Code   544  stm32f4xx_hal_rcc.o(i.HAL_RCC_ClockConfig)
    HAL_RCC_GetPCLK1Freq                     0x080032e5   Thumb Code    20  stm32f4xx_hal_rcc.o(i.HAL_RCC_GetPCLK1Freq)
    HAL_RCC_GetPCLK2Freq                     0x08003305   Thumb Code    20  stm32f4xx_hal_rcc.o(i.HAL_RCC_GetPCLK2Freq)
    HAL_RCC_GetSysClockFreq                  0x08003325   Thumb Code   140  stm32f4xx_hal_rcc_ex.o(i.HAL_RCC_GetSysClockFreq)
    HAL_RCC_OscConfig                        0x080033bd   Thumb Code  1252  stm32f4xx_hal_rcc_ex.o(i.HAL_RCC_OscConfig)
    HAL_SPI_Init                             0x080038a1   Thumb Code   524  stm32f4xx_hal_spi.o(i.HAL_SPI_Init)
    HAL_SPI_MspInit                          0x08003af5   Thumb Code    92  spi.o(i.HAL_SPI_MspInit)
    HAL_SYSTICK_Config                       0x08003b5d   Thumb Code    40  stm32f4xx_hal_cortex.o(i.HAL_SYSTICK_Config)
    HAL_TIMEx_MasterConfigSynchronization    0x08003b85   Thumb Code   242  stm32f4xx_hal_tim_ex.o(i.HAL_TIMEx_MasterConfigSynchronization)
    HAL_TIM_Base_Init                        0x08003cd5   Thumb Code   260  stm32f4xx_hal_tim.o(i.HAL_TIM_Base_Init)
    HAL_TIM_Base_MspInit                     0x08003e45   Thumb Code    52  tim.o(i.HAL_TIM_Base_MspInit)
    HAL_UARTEx_RxEventCallback               0x08003e85   Thumb Code     2  stm32f4xx_hal_uart.o(i.HAL_UARTEx_RxEventCallback)
    HAL_UART_ErrorCallback                   0x08003e87   Thumb Code     2  stm32f4xx_hal_uart.o(i.HAL_UART_ErrorCallback)
    HAL_UART_IRQHandler                      0x08003e89   Thumb Code   610  stm32f4xx_hal_uart.o(i.HAL_UART_IRQHandler)
    HAL_UART_Init                            0x080040f1   Thumb Code   258  stm32f4xx_hal_uart.o(i.HAL_UART_Init)
    HAL_UART_MspInit                         0x08004249   Thumb Code   274  usart.o(i.HAL_UART_MspInit)
    HAL_UART_Receive_DMA                     0x08004375   Thumb Code    42  stm32f4xx_hal_uart.o(i.HAL_UART_Receive_DMA)
    HAL_UART_RxCpltCallback                  0x0800439f   Thumb Code     2  stm32f4xx_hal_uart.o(i.HAL_UART_RxCpltCallback)
    HAL_UART_RxHalfCpltCallback              0x080043a1   Thumb Code     2  stm32f4xx_hal_uart.o(i.HAL_UART_RxHalfCpltCallback)
    HAL_UART_Transmit                        0x080043a5   Thumb Code   178  stm32f4xx_hal_uart.o(i.HAL_UART_Transmit)
    HAL_UART_TxCpltCallback                  0x08004459   Thumb Code    16  usart.o(i.HAL_UART_TxCpltCallback)
    HardFault_Handler                        0x08004471   Thumb Code     2  stm32f4xx_it.o(i.HardFault_Handler)
    I2C_Bus_Init                             0x08004475   Thumb Code    68  soft_iic.o(i.I2C_Bus_Init)
    IMUupdate                                0x080044bd   Thumb Code  1190  imu.o(i.IMUupdate)
    Kalman_Filter_x                          0x08004975   Thumb Code   416  filter.o(i.Kalman_Filter_x)
    Kalman_Filter_y                          0x08004b35   Thumb Code   416  filter.o(i.Kalman_Filter_y)
    MPU6050ReadAcc                           0x08004cf5   Thumb Code    40  mpu6050.o(i.MPU6050ReadAcc)
    MPU6050ReadGyro                          0x08004d1d   Thumb Code    40  mpu6050.o(i.MPU6050ReadGyro)
    MPU6050ReadID                            0x08004d45   Thumb Code    38  mpu6050.o(i.MPU6050ReadID)
    MPU6050_CorrectData                      0x08004d85   Thumb Code   132  mpu6050.o(i.MPU6050_CorrectData)
    MPU6050_GetData                          0x08004e11   Thumb Code    30  mpu6050.o(i.MPU6050_GetData)
    MPU6050_Init                             0x08004e35   Thumb Code    60  mpu6050.o(i.MPU6050_Init)
    MPU6050_ReadData                         0x08004e75   Thumb Code    30  mpu6050.o(i.MPU6050_ReadData)
    MPU6050_TransData                        0x08004e99   Thumb Code   208  mpu6050.o(i.MPU6050_TransData)
    MPU6050_WriteReg                         0x08004f75   Thumb Code    28  mpu6050.o(i.MPU6050_WriteReg)
    MX_CAN1_Init                             0x08004fa9   Thumb Code    52  can.o(i.MX_CAN1_Init)
    MX_CAN2_Init                             0x08004fe5   Thumb Code    52  can.o(i.MX_CAN2_Init)
    MX_DMA_Init                              0x08005021   Thumb Code    56  dma.o(i.MX_DMA_Init)
    MX_SPI1_Init                             0x0800505d   Thumb Code    60  spi.o(i.MX_SPI1_Init)
    MX_TIM6_Init                             0x080050a1   Thumb Code    58  tim.o(i.MX_TIM6_Init)
    MX_TIM7_Init                             0x080050e5   Thumb Code    58  tim.o(i.MX_TIM7_Init)
    MX_USART1_UART_Init                      0x08005129   Thumb Code    54  usart.o(i.MX_USART1_UART_Init)
    MX_USART2_UART_Init                      0x08005169   Thumb Code    48  usart.o(i.MX_USART2_UART_Init)
    MadgwickAHRSupdateIMU                    0x080051a1   Thumb Code  1532  madgwickahrs.o(i.MadgwickAHRSupdateIMU)
    MahonyAHRSupdateIMU                      0x080057b1   Thumb Code  1202  mahonyahrs.o(i.MahonyAHRSupdateIMU)
    MemManage_Handler                        0x08005c69   Thumb Code     2  stm32f4xx_it.o(i.MemManage_Handler)
    NMI_Handler                              0x08005c6b   Thumb Code     2  stm32f4xx_it.o(i.NMI_Handler)
    PendSV_Handler                           0x08005c6d   Thumb Code     2  stm32f4xx_it.o(i.PendSV_Handler)
    SEGGER_RTT_Write                         0x08005c71   Thumb Code    52  segger_rtt.o(i.SEGGER_RTT_Write)
    SEGGER_RTT_WriteNoLock                   0x08005ca9   Thumb Code    86  segger_rtt.o(i.SEGGER_RTT_WriteNoLock)
    SEGGER_RTT_printf                        0x08005d05   Thumb Code    22  segger_rtt_printf.o(i.SEGGER_RTT_printf)
    SEGGER_RTT_vprintf                       0x08005d1b   Thumb Code   406  segger_rtt_printf.o(i.SEGGER_RTT_vprintf)
    SVC_Handler                              0x08005eb1   Thumb Code     2  stm32f4xx_it.o(i.SVC_Handler)
    Sensors_I2C_ReadRegister                 0x08005eb5   Thumb Code    64  mpu6050.o(i.Sensors_I2C_ReadRegister)
    Sensors_I2C_WriteRegister                0x08005ef9   Thumb Code    64  mpu6050.o(i.Sensors_I2C_WriteRegister)
    SysTick_Handler                          0x08005f3d   Thumb Code     4  stm32f4xx_it.o(i.SysTick_Handler)
    SystemClock_Config                       0x08005f41   Thumb Code   140  main.o(i.SystemClock_Config)
    SystemInit                               0x08005fd5   Thumb Code     2  system_stm32f4xx.o(i.SystemInit)
    TIM_Base_SetConfig                       0x08005fd9   Thumb Code   156  stm32f4xx_hal_tim.o(i.TIM_Base_SetConfig)
    UART_Start_Receive_DMA                   0x08006461   Thumb Code   134  stm32f4xx_hal_uart.o(i.UART_Start_Receive_DMA)
    USART1_IRQHandler                        0x0800656d   Thumb Code    40  stm32f4xx_it.o(i.USART1_IRQHandler)
    UsageFault_Handler                       0x0800659d   Thumb Code     2  stm32f4xx_it.o(i.UsageFault_Handler)
    __ARM_fpclassify                         0x08006893   Thumb Code    40  fpclassify.o(i.__ARM_fpclassify)
    __kernel_poly                            0x080068db   Thumb Code   170  poly.o(i.__kernel_poly)
    __mathlib_dbl_infnan                     0x08006985   Thumb Code     6  dunder.o(i.__mathlib_dbl_infnan)
    __mathlib_dbl_infnan2                    0x0800698b   Thumb Code     4  dunder.o(i.__mathlib_dbl_infnan2)
    __mathlib_dbl_invalid                    0x0800698f   Thumb Code    12  dunder.o(i.__mathlib_dbl_invalid)
    __mathlib_dbl_underflow                  0x0800699d   Thumb Code    10  dunder.o(i.__mathlib_dbl_underflow)
    _is_digit                                0x080069ad   Thumb Code    14  __printf_wp.o(i._is_digit)
    _sys_exit                                0x080069bb   Thumb Code     2  usart.o(i._sys_exit)
    asin                                     0x080069bd   Thumb Code   572  asin.o(i.asin)
    assert_failed                            0x08006c2d   Thumb Code    18  main.o(i.assert_failed)
    atan                                     0x08006c71   Thumb Code   474  atan.o(i.atan)
    atan2                                    0x08006e91   Thumb Code   346  atan2.o(i.atan2)
    calkalmanfilter                          0x08007011   Thumb Code   148  filter.o(i.calkalmanfilter)
    delay_us                                 0x080070a5   Thumb Code     6  soft_iic.o(i.delay_us)
    flash_erase                              0x080070ad   Thumb Code    64  internal_flash.o(i.flash_erase)
    flash_write_double                       0x08007119   Thumb Code    64  internal_flash.o(i.flash_write_double)
    fputc                                    0x08007165   Thumb Code    20  usart.o(i.fputc)
    get_iic_retry                            0x0800717d   Thumb Code     6  soft_iic.o(i.get_iic_retry)
    gpio_init                                0x08007189   Thumb Code   214  gpio.o(i.gpio_init)
    invSqrt                                  0x08007265   Thumb Code    48  function.o(i.invSqrt)
    kalman_param_init                        0x08007299   Thumb Code    40  filter.o(i.kalman_param_init)
    main                                     0x080072c5   Thumb Code   480  main.o(i.main)
    soft_iic_read                            0x08007501   Thumb Code   110  soft_iic.o(i.soft_iic_read)
    soft_iic_write                           0x08007813   Thumb Code    90  soft_iic.o(i.soft_iic_write)
    sqrt                                     0x0800786d   Thumb Code    76  sqrt.o(i.sqrt)
    _get_lc_numeric                          0x080078b9   Thumb Code    44  lc_numeric_c.o(locale$$code)
    __aeabi_d2f                              0x080078e5   Thumb Code     0  d2f.o(x$fpl$d2f)
    _d2f                                     0x080078e5   Thumb Code    98  d2f.o(x$fpl$d2f)
    __aeabi_dadd                             0x08007949   Thumb Code     0  daddsub_clz.o(x$fpl$dadd)
    _dadd                                    0x08007949   Thumb Code   332  daddsub_clz.o(x$fpl$dadd)
    __fpl_dcheck_NaN1                        0x08007a99   Thumb Code    10  dcheck1.o(x$fpl$dcheck1)
    __aeabi_ddiv                             0x08007aa9   Thumb Code     0  ddiv.o(x$fpl$ddiv)
    _ddiv                                    0x08007aa9   Thumb Code   552  ddiv.o(x$fpl$ddiv)
    __aeabi_d2iz                             0x08007d59   Thumb Code     0  dfix.o(x$fpl$dfix)
    _dfix                                    0x08007d59   Thumb Code    94  dfix.o(x$fpl$dfix)
    __aeabi_i2d                              0x08007db7   Thumb Code     0  dflt_clz.o(x$fpl$dflt)
    _dflt                                    0x08007db7   Thumb Code    46  dflt_clz.o(x$fpl$dflt)
    __aeabi_dmul                             0x08007de5   Thumb Code     0  dmul.o(x$fpl$dmul)
    _dmul                                    0x08007de5   Thumb Code   332  dmul.o(x$fpl$dmul)
    __fpl_dnaninf                            0x08007f39   Thumb Code   156  dnaninf.o(x$fpl$dnaninf)
    __fpl_dretinf                            0x08007fd5   Thumb Code    12  dretinf.o(x$fpl$dretinf)
    __aeabi_drsub                            0x08007fe1   Thumb Code     0  daddsub_clz.o(x$fpl$drsb)
    _drsb                                    0x08007fe1   Thumb Code    22  daddsub_clz.o(x$fpl$drsb)
    _dsqrt                                   0x08007ff9   Thumb Code   404  dsqrt_umaal.o(x$fpl$dsqrt)
    __aeabi_dsub                             0x08008191   Thumb Code     0  daddsub_clz.o(x$fpl$dsub)
    _dsub                                    0x08008191   Thumb Code   464  daddsub_clz.o(x$fpl$dsub)
    __aeabi_f2d                              0x08008365   Thumb Code     0  f2d.o(x$fpl$f2d)
    _f2d                                     0x08008365   Thumb Code    86  f2d.o(x$fpl$f2d)
    __aeabi_fadd                             0x080083bd   Thumb Code     0  faddsub_clz.o(x$fpl$fadd)
    _fadd                                    0x080083bd   Thumb Code   196  faddsub_clz.o(x$fpl$fadd)
    __fpl_fcheck_NaN1                        0x08008481   Thumb Code     6  fcheck1.o(x$fpl$fcheck1)
    __aeabi_fdiv                             0x0800848d   Thumb Code     0  fdiv.o(x$fpl$fdiv)
    _fdiv                                    0x0800848d   Thumb Code   384  fdiv.o(x$fpl$fdiv)
    __aeabi_i2f                              0x08008611   Thumb Code     0  fflt_clz.o(x$fpl$fflt)
    _fflt                                    0x08008611   Thumb Code    48  fflt_clz.o(x$fpl$fflt)
    __aeabi_fmul                             0x08008641   Thumb Code     0  fmul.o(x$fpl$fmul)
    _fmul                                    0x08008641   Thumb Code   258  fmul.o(x$fpl$fmul)
    __fpl_fnaninf                            0x08008743   Thumb Code   140  fnaninf.o(x$fpl$fnaninf)
    __fpl_fretinf                            0x080087cf   Thumb Code    10  fretinf.o(x$fpl$fretinf)
    __aeabi_frsub                            0x080087d9   Thumb Code     0  faddsub_clz.o(x$fpl$frsb)
    _frsb                                    0x080087d9   Thumb Code    20  faddsub_clz.o(x$fpl$frsb)
    __aeabi_fsub                             0x080087ed   Thumb Code     0  faddsub_clz.o(x$fpl$fsub)
    _fsub                                    0x080087ed   Thumb Code   234  faddsub_clz.o(x$fpl$fsub)
    __aeabi_d2ulz                            0x080088d9   Thumb Code     0  dfixull.o(x$fpl$llufromd)
    _ll_ufrom_d                              0x080088d9   Thumb Code   120  dfixull.o(x$fpl$llufromd)
    _printf_fp_dec                           0x08008951   Thumb Code     4  printf1.o(x$fpl$printf1)
    __fpl_return_NaN                         0x08008955   Thumb Code   100  retnan.o(x$fpl$retnan)
    __ARM_scalbn                             0x080089b9   Thumb Code    92  scalbn.o(x$fpl$scalbn)
    __ARM_scalbnf                            0x08008a15   Thumb Code    76  scalbnf.o(x$fpl$scalbnf)
    __fpl_cmpreturn                          0x08008a61   Thumb Code    48  trapv.o(x$fpl$trapveneer)
    __I$use$fp                               0x08008a90   Number         0  usenofp.o(x$fpl$usenofp)
    AHBPrescTable                            0x08008a98   Data          16  system_stm32f4xx.o(.constdata)
    APBPrescTable                            0x08008aa8   Data           8  system_stm32f4xx.o(.constdata)
    __mathlib_zero                           0x08008be0   Data           8  qnan.o(.constdata)
    Region$$Table$$Base                      0x08008c7c   Number         0  anon$$obj.o(Region$$Table)
    Region$$Table$$Limit                     0x08008c9c   Number         0  anon$$obj.o(Region$$Table)
    sensors                                  0x20000016   Data           2  mpu6050.o(.data)
    q0                                       0x20000018   Data           4  mpu6050.o(.data)
    q1                                       0x2000001c   Data           4  mpu6050.o(.data)
    q2                                       0x20000020   Data           4  mpu6050.o(.data)
    q3                                       0x20000024   Data           4  mpu6050.o(.data)
    accel_x                                  0x20000028   Data           4  mpu6050.o(.data)
    accel_y                                  0x2000002c   Data           4  mpu6050.o(.data)
    accel_z                                  0x20000030   Data           4  mpu6050.o(.data)
    gyro_x                                   0x20000034   Data           4  mpu6050.o(.data)
    gyro_y                                   0x20000038   Data           4  mpu6050.o(.data)
    gyro_z                                   0x2000003c   Data           4  mpu6050.o(.data)
    angle_x                                  0x20000040   Data           4  mpu6050.o(.data)
    angle_y                                  0x20000044   Data           4  mpu6050.o(.data)
    Roll                                     0x20000048   Data           4  mpu6050.o(.data)
    Pitch                                    0x2000004c   Data           4  mpu6050.o(.data)
    Yaw                                      0x20000050   Data           4  mpu6050.o(.data)
    gyro                                     0x20000054   Data           6  mpu6050.o(.data)
    accel                                    0x2000005a   Data           6  mpu6050.o(.data)
    exInt                                    0x20000108   Data           4  imu.o(.data)
    eyInt                                    0x2000010c   Data           4  imu.o(.data)
    ezInt                                    0x20000110   Data           4  imu.o(.data)
    read_mode                                0x20000118   Data           1  main.o(.data)
    usart_dma_tx_over                        0x20000120   Data           1  usart.o(.data)
    __stdout                                 0x20000124   Data           4  usart.o(.data)
    uwTickFreq                               0x20000128   Data           1  stm32f4xx_hal.o(.data)
    uwTickPrio                               0x2000012c   Data           4  stm32f4xx_hal.o(.data)
    uwTick                                   0x20000130   Data           4  stm32f4xx_hal.o(.data)
    SystemCoreClock                          0x20000134   Data           4  system_stm32f4xx.o(.data)
    beta                                     0x20000138   Data           4  madgwickahrs.o(.data)
    twoKp                                    0x2000013c   Data           4  mahonyahrs.o(.data)
    twoKi                                    0x20000140   Data           4  mahonyahrs.o(.data)
    integralFBx                              0x20000144   Data           4  mahonyahrs.o(.data)
    integralFBy                              0x20000148   Data           4  mahonyahrs.o(.data)
    integralFBz                              0x2000014c   Data           4  mahonyahrs.o(.data)
    pitchk                                   0x20000150   Data          52  mpu6050.o(.bss)
    rollk                                    0x20000184   Data          52  mpu6050.o(.bss)
    yawk                                     0x200001b8   Data          52  mpu6050.o(.bss)
    hcan1                                    0x20000220   Data          40  can.o(.bss)
    hcan2                                    0x20000248   Data          40  can.o(.bss)
    hspi1                                    0x20000270   Data          88  spi.o(.bss)
    htim6                                    0x200002c8   Data          72  tim.o(.bss)
    htim7                                    0x20000310   Data          72  tim.o(.bss)
    huart1                                   0x20000758   Data          68  usart.o(.bss)
    huart2                                   0x2000079c   Data          68  usart.o(.bss)
    hdma_usart1_tx                           0x200007e0   Data          96  usart.o(.bss)
    hdma_usart1_rx                           0x20000840   Data          96  usart.o(.bss)
    pFlash                                   0x200008a0   Data          32  stm32f4xx_hal_flash.o(.bss)
    _SEGGER_RTT                              0x200008c0   Data         168  segger_rtt.o(.bss)
    __libspace_start                         0x20001578   Data          96  libspace.o(.bss)
    __temporary_stack_top$libspace           0x200015d8   Data           0  libspace.o(.bss)



==============================================================================

Memory Map of the image

  Image Entry point : 0x080001c5

  Load Region LR_IROM1 (Base: 0x08000000, Size: 0x00008e08, Max: 0x00080000, ABSOLUTE, COMPRESSED[0x00008cf8])

    Execution Region ER_IROM1 (Exec base: 0x08000000, Load base: 0x08000000, Size: 0x00008cb8, Max: 0x00080000, ABSOLUTE)

    Exec Addr    Load Addr    Size         Type   Attr      Idx    E Section Name        Object

    0x08000000   0x08000000   0x000001c4   Data   RO            3    RESET               startup_stm32f446xx.o
    0x080001c4   0x080001c4   0x00000008   Code   RO         5447  * !!!main             c_w.l(__main.o)
    0x080001cc   0x080001cc   0x00000034   Code   RO         5926    !!!scatter          c_w.l(__scatter.o)
    0x08000200   0x08000200   0x0000005a   Code   RO         5924    !!dczerorl2         c_w.l(__dczerorl2.o)
    0x0800025a   0x0800025a   0x00000002   PAD
    0x0800025c   0x0800025c   0x0000001c   Code   RO         5928    !!handler_zi        c_w.l(__scatter_zi.o)
    0x08000278   0x08000278   0x00000000   Code   RO         5430    .ARM.Collect$$_printf_percent$$00000000  c_w.l(_printf_percent.o)
    0x08000278   0x08000278   0x00000006   Code   RO         5429    .ARM.Collect$$_printf_percent$$00000003  c_w.l(_printf_f.o)
    0x0800027e   0x0800027e   0x00000006   Code   RO         5428    .ARM.Collect$$_printf_percent$$00000009  c_w.l(_printf_d.o)
    0x08000284   0x08000284   0x00000006   Code   RO         5427    .ARM.Collect$$_printf_percent$$00000014  c_w.l(_printf_s.o)
    0x0800028a   0x0800028a   0x00000004   Code   RO         5624    .ARM.Collect$$_printf_percent$$00000017  c_w.l(_printf_percent_end.o)
    0x0800028e   0x0800028e   0x00000002   Code   RO         5796    .ARM.Collect$$libinit$$00000000  c_w.l(libinit.o)
    0x08000290   0x08000290   0x00000000   Code   RO         5798    .ARM.Collect$$libinit$$00000002  c_w.l(libinit2.o)
    0x08000290   0x08000290   0x00000000   Code   RO         5800    .ARM.Collect$$libinit$$00000004  c_w.l(libinit2.o)
    0x08000290   0x08000290   0x00000000   Code   RO         5803    .ARM.Collect$$libinit$$0000000A  c_w.l(libinit2.o)
    0x08000290   0x08000290   0x00000000   Code   RO         5805    .ARM.Collect$$libinit$$0000000C  c_w.l(libinit2.o)
    0x08000290   0x08000290   0x00000000   Code   RO         5807    .ARM.Collect$$libinit$$0000000E  c_w.l(libinit2.o)
    0x08000290   0x08000290   0x00000006   Code   RO         5808    .ARM.Collect$$libinit$$0000000F  c_w.l(libinit2.o)
    0x08000296   0x08000296   0x00000000   Code   RO         5810    .ARM.Collect$$libinit$$00000011  c_w.l(libinit2.o)
    0x08000296   0x08000296   0x00000000   Code   RO         5812    .ARM.Collect$$libinit$$00000013  c_w.l(libinit2.o)
    0x08000296   0x08000296   0x00000000   Code   RO         5814    .ARM.Collect$$libinit$$00000015  c_w.l(libinit2.o)
    0x08000296   0x08000296   0x0000000a   Code   RO         5815    .ARM.Collect$$libinit$$00000016  c_w.l(libinit2.o)
    0x080002a0   0x080002a0   0x00000000   Code   RO         5816    .ARM.Collect$$libinit$$00000017  c_w.l(libinit2.o)
    0x080002a0   0x080002a0   0x00000000   Code   RO         5818    .ARM.Collect$$libinit$$00000019  c_w.l(libinit2.o)
    0x080002a0   0x080002a0   0x00000000   Code   RO         5820    .ARM.Collect$$libinit$$0000001B  c_w.l(libinit2.o)
    0x080002a0   0x080002a0   0x00000000   Code   RO         5822    .ARM.Collect$$libinit$$0000001D  c_w.l(libinit2.o)
    0x080002a0   0x080002a0   0x00000000   Code   RO         5824    .ARM.Collect$$libinit$$0000001F  c_w.l(libinit2.o)
    0x080002a0   0x080002a0   0x00000000   Code   RO         5826    .ARM.Collect$$libinit$$00000021  c_w.l(libinit2.o)
    0x080002a0   0x080002a0   0x00000000   Code   RO         5828    .ARM.Collect$$libinit$$00000023  c_w.l(libinit2.o)
    0x080002a0   0x080002a0   0x00000000   Code   RO         5830    .ARM.Collect$$libinit$$00000025  c_w.l(libinit2.o)
    0x080002a0   0x080002a0   0x00000000   Code   RO         5834    .ARM.Collect$$libinit$$0000002C  c_w.l(libinit2.o)
    0x080002a0   0x080002a0   0x00000000   Code   RO         5836    .ARM.Collect$$libinit$$0000002E  c_w.l(libinit2.o)
    0x080002a0   0x080002a0   0x00000000   Code   RO         5838    .ARM.Collect$$libinit$$00000030  c_w.l(libinit2.o)
    0x080002a0   0x080002a0   0x00000000   Code   RO         5840    .ARM.Collect$$libinit$$00000032  c_w.l(libinit2.o)
    0x080002a0   0x080002a0   0x00000002   Code   RO         5841    .ARM.Collect$$libinit$$00000033  c_w.l(libinit2.o)
    0x080002a2   0x080002a2   0x00000002   Code   RO         5888    .ARM.Collect$$libshutdown$$00000000  c_w.l(libshutdown.o)
    0x080002a4   0x080002a4   0x00000000   Code   RO         5907    .ARM.Collect$$libshutdown$$00000002  c_w.l(libshutdown2.o)
    0x080002a4   0x080002a4   0x00000000   Code   RO         5909    .ARM.Collect$$libshutdown$$00000004  c_w.l(libshutdown2.o)
    0x080002a4   0x080002a4   0x00000000   Code   RO         5912    .ARM.Collect$$libshutdown$$00000007  c_w.l(libshutdown2.o)
    0x080002a4   0x080002a4   0x00000000   Code   RO         5915    .ARM.Collect$$libshutdown$$0000000A  c_w.l(libshutdown2.o)
    0x080002a4   0x080002a4   0x00000000   Code   RO         5917    .ARM.Collect$$libshutdown$$0000000C  c_w.l(libshutdown2.o)
    0x080002a4   0x080002a4   0x00000000   Code   RO         5920    .ARM.Collect$$libshutdown$$0000000F  c_w.l(libshutdown2.o)
    0x080002a4   0x080002a4   0x00000002   Code   RO         5921    .ARM.Collect$$libshutdown$$00000010  c_w.l(libshutdown2.o)
    0x080002a6   0x080002a6   0x00000000   Code   RO         5557    .ARM.Collect$$rtentry$$00000000  c_w.l(__rtentry.o)
    0x080002a6   0x080002a6   0x00000000   Code   RO         5701    .ARM.Collect$$rtentry$$00000002  c_w.l(__rtentry2.o)
    0x080002a6   0x080002a6   0x00000006   Code   RO         5713    .ARM.Collect$$rtentry$$00000004  c_w.l(__rtentry4.o)
    0x080002ac   0x080002ac   0x00000000   Code   RO         5703    .ARM.Collect$$rtentry$$00000009  c_w.l(__rtentry2.o)
    0x080002ac   0x080002ac   0x00000004   Code   RO         5704    .ARM.Collect$$rtentry$$0000000A  c_w.l(__rtentry2.o)
    0x080002b0   0x080002b0   0x00000000   Code   RO         5706    .ARM.Collect$$rtentry$$0000000C  c_w.l(__rtentry2.o)
    0x080002b0   0x080002b0   0x00000008   Code   RO         5707    .ARM.Collect$$rtentry$$0000000D  c_w.l(__rtentry2.o)
    0x080002b8   0x080002b8   0x00000002   Code   RO         5844    .ARM.Collect$$rtexit$$00000000  c_w.l(rtexit.o)
    0x080002ba   0x080002ba   0x00000000   Code   RO         5860    .ARM.Collect$$rtexit$$00000002  c_w.l(rtexit2.o)
    0x080002ba   0x080002ba   0x00000004   Code   RO         5861    .ARM.Collect$$rtexit$$00000003  c_w.l(rtexit2.o)
    0x080002be   0x080002be   0x00000006   Code   RO         5862    .ARM.Collect$$rtexit$$00000004  c_w.l(rtexit2.o)
    0x080002c4   0x080002c4   0x00000040   Code   RO            4    .text               startup_stm32f446xx.o
    0x08000304   0x08000304   0x00000002   Code   RO         5385    .text               c_w.l(use_no_semi_2.o)
    0x08000306   0x08000306   0x000000ee   Code   RO         5387    .text               c_w.l(lludivv7m.o)
    0x080003f4   0x080003f4   0x00000018   Code   RO         5395    .text               c_w.l(__2printf.o)
    0x0800040c   0x0800040c   0x0000004e   Code   RO         5401    .text               c_w.l(_printf_pad.o)
    0x0800045a   0x0800045a   0x00000052   Code   RO         5403    .text               c_w.l(_printf_str.o)
    0x080004ac   0x080004ac   0x00000078   Code   RO         5405    .text               c_w.l(_printf_dec.o)
    0x08000524   0x08000524   0x00000188   Code   RO         5424    .text               c_w.l(__printf_flags_ss_wp.o)
    0x080006ac   0x080006ac   0x0000008a   Code   RO         5435    .text               c_w.l(rt_memcpy_v6.o)
    0x08000736   0x08000736   0x00000064   Code   RO         5437    .text               c_w.l(rt_memcpy_w.o)
    0x0800079a   0x0800079a   0x0000004e   Code   RO         5443    .text               c_w.l(rt_memclr_w.o)
    0x080007e8   0x080007e8   0x00000006   Code   RO         5445    .text               c_w.l(heapauxi.o)
    0x080007ee   0x080007ee   0x00000002   Code   RO         5555    .text               c_w.l(use_no_semi.o)
    0x080007f0   0x080007f0   0x00000016   Code   RO         5562    .text               c_w.l(_rserrno.o)
    0x08000806   0x08000806   0x000000b2   Code   RO         5566    .text               c_w.l(_printf_intcommon.o)
    0x080008b8   0x080008b8   0x0000041e   Code   RO         5570    .text               c_w.l(_printf_fp_dec.o)
    0x08000cd6   0x08000cd6   0x00000002   PAD
    0x08000cd8   0x08000cd8   0x00000030   Code   RO         5572    .text               c_w.l(_printf_char_common.o)
    0x08000d08   0x08000d08   0x0000002c   Code   RO         5578    .text               c_w.l(_printf_char.o)
    0x08000d34   0x08000d34   0x00000024   Code   RO         5580    .text               c_w.l(_printf_char_file.o)
    0x08000d58   0x08000d58   0x00000008   Code   RO         5720    .text               c_w.l(rt_locale_intlibspace.o)
    0x08000d60   0x08000d60   0x00000008   Code   RO         5725    .text               c_w.l(rt_errno_addr_intlibspace.o)
    0x08000d68   0x08000d68   0x0000008a   Code   RO         5727    .text               c_w.l(lludiv10.o)
    0x08000df2   0x08000df2   0x00000002   PAD
    0x08000df4   0x08000df4   0x00000080   Code   RO         5732    .text               c_w.l(_printf_fp_infnan.o)
    0x08000e74   0x08000e74   0x000000e4   Code   RO         5738    .text               c_w.l(bigflt0.o)
    0x08000f58   0x08000f58   0x00000008   Code   RO         5763    .text               c_w.l(ferror.o)
    0x08000f60   0x08000f60   0x00000008   Code   RO         5776    .text               c_w.l(libspace.o)
    0x08000f68   0x08000f68   0x0000004a   Code   RO         5779    .text               c_w.l(sys_stackheap_outer.o)
    0x08000fb2   0x08000fb2   0x00000012   Code   RO         5783    .text               c_w.l(exit.o)
    0x08000fc4   0x08000fc4   0x00000080   Code   RO         5789    .text               c_w.l(strcmpv7m.o)
    0x08001044   0x08001044   0x0000003e   Code   RO         5741    CL$$btod_d2e        c_w.l(btod.o)
    0x08001082   0x08001082   0x00000046   Code   RO         5743    CL$$btod_d2e_denorm_low  c_w.l(btod.o)
    0x080010c8   0x080010c8   0x00000060   Code   RO         5742    CL$$btod_d2e_norm_op1  c_w.l(btod.o)
    0x08001128   0x08001128   0x00000338   Code   RO         5751    CL$$btod_div_common  c_w.l(btod.o)
    0x08001460   0x08001460   0x000000dc   Code   RO         5748    CL$$btod_e2e        c_w.l(btod.o)
    0x0800153c   0x0800153c   0x0000002a   Code   RO         5745    CL$$btod_ediv       c_w.l(btod.o)
    0x08001566   0x08001566   0x0000002a   Code   RO         5744    CL$$btod_emul       c_w.l(btod.o)
    0x08001590   0x08001590   0x00000244   Code   RO         5750    CL$$btod_mult_common  c_w.l(btod.o)
    0x080017d4   0x080017d4   0x00000002   Code   RO         1158    i.BusFault_Handler  stm32f4xx_it.o
    0x080017d6   0x080017d6   0x00000002   PAD
    0x080017d8   0x080017d8   0x0000006c   Code   RO          357    i.Complementary_Filter_x  filter.o
    0x08001844   0x08001844   0x0000006c   Code   RO          358    i.Complementary_Filter_y  filter.o
    0x080018b0   0x080018b0   0x0000000c   Code   RO         1159    i.DMA2_Stream2_IRQHandler  stm32f4xx_it.o
    0x080018bc   0x080018bc   0x0000000c   Code   RO         1160    i.DMA2_Stream7_IRQHandler  stm32f4xx_it.o
    0x080018c8   0x080018c8   0x00000028   Code   RO         2068    i.DMA_CalcBaseAndBitshift  stm32f4xx_hal_dma.o
    0x080018f0   0x080018f0   0x00000054   Code   RO         2069    i.DMA_CheckFifoParam  stm32f4xx_hal_dma.o
    0x08001944   0x08001944   0x00000028   Code   RO         2070    i.DMA_SetConfig     stm32f4xx_hal_dma.o
    0x0800196c   0x0800196c   0x00000002   Code   RO         1161    i.DebugMon_Handler  stm32f4xx_it.o
    0x0800196e   0x0800196e   0x00000002   PAD
    0x08001970   0x08001970   0x00000020   Code   RO          805    i.Error_Handler     main.o
    0x08001990   0x08001990   0x000000cc   Code   RO         1820    i.FLASH_Erase_Sector  stm32f4xx_hal_flash_ex.o
    0x08001a5c   0x08001a5c   0x00000054   Code   RO         1821    i.FLASH_FlushCaches  stm32f4xx_hal_flash_ex.o
    0x08001ab0   0x08001ab0   0x00000094   Code   RO         1822    i.FLASH_MassErase   stm32f4xx_hal_flash_ex.o
    0x08001b44   0x08001b44   0x00000084   Code   RO         1702    i.FLASH_Program_Byte  stm32f4xx_hal_flash.o
    0x08001bc8   0x08001bc8   0x00000090   Code   RO         1703    i.FLASH_Program_DoubleWord  stm32f4xx_hal_flash.o
    0x08001c58   0x08001c58   0x00000088   Code   RO         1704    i.FLASH_Program_HalfWord  stm32f4xx_hal_flash.o
    0x08001ce0   0x08001ce0   0x00000088   Code   RO         1705    i.FLASH_Program_Word  stm32f4xx_hal_flash.o
    0x08001d68   0x08001d68   0x00000048   Code   RO         1707    i.FLASH_WaitForLastOperation  stm32f4xx_hal_flash.o
    0x08001db0   0x08001db0   0x0000007c   Code   RO          732    i.GetSector         internal_flash.o
    0x08001e2c   0x08001e2c   0x000002d8   Code   RO         1290    i.HAL_CAN_Init      stm32f4xx_hal_can.o
    0x08002104   0x08002104   0x000000dc   Code   RO          906    i.HAL_CAN_MspInit   can.o
    0x080021e0   0x080021e0   0x00000092   Code   RO         2071    i.HAL_DMA_Abort     stm32f4xx_hal_dma.o
    0x08002272   0x08002272   0x00000024   Code   RO         2072    i.HAL_DMA_Abort_IT  stm32f4xx_hal_dma.o
    0x08002296   0x08002296   0x00000002   PAD
    0x08002298   0x08002298   0x000001a0   Code   RO         2076    i.HAL_DMA_IRQHandler  stm32f4xx_hal_dma.o
    0x08002438   0x08002438   0x000002e0   Code   RO         2077    i.HAL_DMA_Init      stm32f4xx_hal_dma.o
    0x08002718   0x08002718   0x000000c8   Code   RO         2081    i.HAL_DMA_Start_IT  stm32f4xx_hal_dma.o
    0x080027e0   0x080027e0   0x00000024   Code   RO         2508    i.HAL_Delay         stm32f4xx_hal.o
    0x08002804   0x08002804   0x00000108   Code   RO         1828    i.HAL_FLASHEx_Erase  stm32f4xx_hal_flash_ex.o
    0x0800290c   0x0800290c   0x00000014   Code   RO         1711    i.HAL_FLASH_Lock    stm32f4xx_hal_flash.o
    0x08002920   0x08002920   0x000000d0   Code   RO         1716    i.HAL_FLASH_Program  stm32f4xx_hal_flash.o
    0x080029f0   0x080029f0   0x0000002c   Code   RO         1718    i.HAL_FLASH_Unlock  stm32f4xx_hal_flash.o
    0x08002a1c   0x08002a1c   0x000002e4   Code   RO         1964    i.HAL_GPIO_Init     stm32f4xx_hal_gpio.o
    0x08002d00   0x08002d00   0x00000058   Code   RO         1966    i.HAL_GPIO_ReadPin  stm32f4xx_hal_gpio.o
    0x08002d58   0x08002d58   0x0000006c   Code   RO         1968    i.HAL_GPIO_WritePin  stm32f4xx_hal_gpio.o
    0x08002dc4   0x08002dc4   0x0000000c   Code   RO         2514    i.HAL_GetTick       stm32f4xx_hal.o
    0x08002dd0   0x08002dd0   0x00000010   Code   RO         2520    i.HAL_IncTick       stm32f4xx_hal.o
    0x08002de0   0x08002de0   0x00000034   Code   RO         2521    i.HAL_Init          stm32f4xx_hal.o
    0x08002e14   0x08002e14   0x00000040   Code   RO         2522    i.HAL_InitTick      stm32f4xx_hal.o
    0x08002e54   0x08002e54   0x00000030   Code   RO         1252    i.HAL_MspInit       stm32f4xx_hal_msp.o
    0x08002e84   0x08002e84   0x00000064   Code   RO         2371    i.HAL_NVIC_EnableIRQ  stm32f4xx_hal_cortex.o
    0x08002ee8   0x08002ee8   0x000000a0   Code   RO         2377    i.HAL_NVIC_SetPriority  stm32f4xx_hal_cortex.o
    0x08002f88   0x08002f88   0x00000080   Code   RO         2378    i.HAL_NVIC_SetPriorityGrouping  stm32f4xx_hal_cortex.o
    0x08003008   0x08003008   0x00000070   Code   RO         2300    i.HAL_PWREx_EnableOverDrive  stm32f4xx_hal_pwr_ex.o
    0x08003078   0x08003078   0x0000026c   Code   RO         1511    i.HAL_RCC_ClockConfig  stm32f4xx_hal_rcc.o
    0x080032e4   0x080032e4   0x00000020   Code   RO         1518    i.HAL_RCC_GetPCLK1Freq  stm32f4xx_hal_rcc.o
    0x08003304   0x08003304   0x00000020   Code   RO         1519    i.HAL_RCC_GetPCLK2Freq  stm32f4xx_hal_rcc.o
    0x08003324   0x08003324   0x00000098   Code   RO         1622    i.HAL_RCC_GetSysClockFreq  stm32f4xx_hal_rcc_ex.o
    0x080033bc   0x080033bc   0x000004e4   Code   RO         1623    i.HAL_RCC_OscConfig  stm32f4xx_hal_rcc_ex.o
    0x080038a0   0x080038a0   0x00000254   Code   RO         2770    i.HAL_SPI_Init      stm32f4xx_hal_spi.o
    0x08003af4   0x08003af4   0x00000068   Code   RO          979    i.HAL_SPI_MspInit   spi.o
    0x08003b5c   0x08003b5c   0x00000028   Code   RO         2382    i.HAL_SYSTICK_Config  stm32f4xx_hal_cortex.o
    0x08003b84   0x08003b84   0x00000150   Code   RO         3807    i.HAL_TIMEx_MasterConfigSynchronization  stm32f4xx_hal_tim_ex.o
    0x08003cd4   0x08003cd4   0x00000170   Code   RO         3083    i.HAL_TIM_Base_Init  stm32f4xx_hal_tim.o
    0x08003e44   0x08003e44   0x00000040   Code   RO         1021    i.HAL_TIM_Base_MspInit  tim.o
    0x08003e84   0x08003e84   0x00000002   Code   RO         4066    i.HAL_UARTEx_RxEventCallback  stm32f4xx_hal_uart.o
    0x08003e86   0x08003e86   0x00000002   Code   RO         4080    i.HAL_UART_ErrorCallback  stm32f4xx_hal_uart.o
    0x08003e88   0x08003e88   0x00000268   Code   RO         4083    i.HAL_UART_IRQHandler  stm32f4xx_hal_uart.o
    0x080040f0   0x080040f0   0x00000158   Code   RO         4084    i.HAL_UART_Init     stm32f4xx_hal_uart.o
    0x08004248   0x08004248   0x0000012c   Code   RO         1069    i.HAL_UART_MspInit  usart.o
    0x08004374   0x08004374   0x0000002a   Code   RO         4088    i.HAL_UART_Receive_DMA  stm32f4xx_hal_uart.o
    0x0800439e   0x0800439e   0x00000002   Code   RO         4090    i.HAL_UART_RxCpltCallback  stm32f4xx_hal_uart.o
    0x080043a0   0x080043a0   0x00000002   Code   RO         4091    i.HAL_UART_RxHalfCpltCallback  stm32f4xx_hal_uart.o
    0x080043a2   0x080043a2   0x00000002   PAD
    0x080043a4   0x080043a4   0x000000b2   Code   RO         4092    i.HAL_UART_Transmit  stm32f4xx_hal_uart.o
    0x08004456   0x08004456   0x00000002   PAD
    0x08004458   0x08004458   0x00000018   Code   RO         1070    i.HAL_UART_TxCpltCallback  usart.o
    0x08004470   0x08004470   0x00000002   Code   RO         1162    i.HardFault_Handler  stm32f4xx_it.o
    0x08004472   0x08004472   0x00000002   PAD
    0x08004474   0x08004474   0x00000048   Code   RO           13    i.I2C_Bus_Init      soft_iic.o
    0x080044bc   0x080044bc   0x000004b8   Code   RO          571    i.IMUupdate         imu.o
    0x08004974   0x08004974   0x000001c0   Code   RO          362    i.Kalman_Filter_x   filter.o
    0x08004b34   0x08004b34   0x000001c0   Code   RO          363    i.Kalman_Filter_y   filter.o
    0x08004cf4   0x08004cf4   0x00000028   Code   RO          217    i.MPU6050ReadAcc    mpu6050.o
    0x08004d1c   0x08004d1c   0x00000028   Code   RO          218    i.MPU6050ReadGyro   mpu6050.o
    0x08004d44   0x08004d44   0x00000040   Code   RO          219    i.MPU6050ReadID     mpu6050.o
    0x08004d84   0x08004d84   0x0000008c   Code   RO          220    i.MPU6050_CorrectData  mpu6050.o
    0x08004e10   0x08004e10   0x00000024   Code   RO          222    i.MPU6050_GetData   mpu6050.o
    0x08004e34   0x08004e34   0x00000040   Code   RO          223    i.MPU6050_Init      mpu6050.o
    0x08004e74   0x08004e74   0x00000024   Code   RO          224    i.MPU6050_ReadData  mpu6050.o
    0x08004e98   0x08004e98   0x000000dc   Code   RO          226    i.MPU6050_TransData  mpu6050.o
    0x08004f74   0x08004f74   0x00000034   Code   RO          227    i.MPU6050_WriteReg  mpu6050.o
    0x08004fa8   0x08004fa8   0x0000003c   Code   RO          907    i.MX_CAN1_Init      can.o
    0x08004fe4   0x08004fe4   0x0000003c   Code   RO          908    i.MX_CAN2_Init      can.o
    0x08005020   0x08005020   0x0000003c   Code   RO          954    i.MX_DMA_Init       dma.o
    0x0800505c   0x0800505c   0x00000044   Code   RO          980    i.MX_SPI1_Init      spi.o
    0x080050a0   0x080050a0   0x00000044   Code   RO         1022    i.MX_TIM6_Init      tim.o
    0x080050e4   0x080050e4   0x00000044   Code   RO         1023    i.MX_TIM7_Init      tim.o
    0x08005128   0x08005128   0x00000040   Code   RO         1071    i.MX_USART1_UART_Init  usart.o
    0x08005168   0x08005168   0x00000038   Code   RO         1072    i.MX_USART2_UART_Init  usart.o
    0x080051a0   0x080051a0   0x00000610   Code   RO         5315    i.MadgwickAHRSupdateIMU  madgwickahrs.o
    0x080057b0   0x080057b0   0x000004b8   Code   RO         5351    i.MahonyAHRSupdateIMU  mahonyahrs.o
    0x08005c68   0x08005c68   0x00000002   Code   RO         1163    i.MemManage_Handler  stm32f4xx_it.o
    0x08005c6a   0x08005c6a   0x00000002   Code   RO         1164    i.NMI_Handler       stm32f4xx_it.o
    0x08005c6c   0x08005c6c   0x00000002   Code   RO         1165    i.PendSV_Handler    stm32f4xx_it.o
    0x08005c6e   0x08005c6e   0x00000002   PAD
    0x08005c70   0x08005c70   0x00000038   Code   RO         4472    i.SEGGER_RTT_Write  segger_rtt.o
    0x08005ca8   0x08005ca8   0x0000005c   Code   RO         4475    i.SEGGER_RTT_WriteNoLock  segger_rtt.o
    0x08005d04   0x08005d04   0x00000016   Code   RO         4683    i.SEGGER_RTT_printf  segger_rtt_printf.o
    0x08005d1a   0x08005d1a   0x00000196   Code   RO         4684    i.SEGGER_RTT_vprintf  segger_rtt_printf.o
    0x08005eb0   0x08005eb0   0x00000002   Code   RO         1166    i.SVC_Handler       stm32f4xx_it.o
    0x08005eb2   0x08005eb2   0x00000002   PAD
    0x08005eb4   0x08005eb4   0x00000044   Code   RO          229    i.Sensors_I2C_ReadRegister  mpu6050.o
    0x08005ef8   0x08005ef8   0x00000044   Code   RO          230    i.Sensors_I2C_WriteRegister  mpu6050.o
    0x08005f3c   0x08005f3c   0x00000004   Code   RO         1167    i.SysTick_Handler   stm32f4xx_it.o
    0x08005f40   0x08005f40   0x00000094   Code   RO          806    i.SystemClock_Config  main.o
    0x08005fd4   0x08005fd4   0x00000002   Code   RO         4413    i.SystemInit        system_stm32f4xx.o
    0x08005fd6   0x08005fd6   0x00000002   PAD
    0x08005fd8   0x08005fd8   0x000000c8   Code   RO         3176    i.TIM_Base_SetConfig  stm32f4xx_hal_tim.o
    0x080060a0   0x080060a0   0x00000010   Code   RO         4097    i.UART_DMAAbortOnError  stm32f4xx_hal_uart.o
    0x080060b0   0x080060b0   0x0000004a   Code   RO         4098    i.UART_DMAError     stm32f4xx_hal_uart.o
    0x080060fa   0x080060fa   0x00000082   Code   RO         4099    i.UART_DMAReceiveCplt  stm32f4xx_hal_uart.o
    0x0800617c   0x0800617c   0x0000001a   Code   RO         4101    i.UART_DMARxHalfCplt  stm32f4xx_hal_uart.o
    0x08006196   0x08006196   0x0000004e   Code   RO         4107    i.UART_EndRxTransfer  stm32f4xx_hal_uart.o
    0x080061e4   0x080061e4   0x0000001c   Code   RO         4108    i.UART_EndTxTransfer  stm32f4xx_hal_uart.o
    0x08006200   0x08006200   0x000000c0   Code   RO         4109    i.UART_Receive_IT   stm32f4xx_hal_uart.o
    0x080062c0   0x080062c0   0x000001a0   Code   RO         4110    i.UART_SetConfig    stm32f4xx_hal_uart.o
    0x08006460   0x08006460   0x00000094   Code   RO         4111    i.UART_Start_Receive_DMA  stm32f4xx_hal_uart.o
    0x080064f4   0x080064f4   0x00000078   Code   RO         4113    i.UART_WaitOnFlagUntilTimeout  stm32f4xx_hal_uart.o
    0x0800656c   0x0800656c   0x00000030   Code   RO         1168    i.USART1_IRQHandler  stm32f4xx_it.o
    0x0800659c   0x0800659c   0x00000002   Code   RO         1169    i.UsageFault_Handler  stm32f4xx_it.o
    0x0800659e   0x0800659e   0x00000002   PAD
    0x080065a0   0x080065a0   0x00000064   Code   RO         4479    i._DoInit           segger_rtt.o
    0x08006604   0x08006604   0x00000016   Code   RO         4480    i._GetAvailWriteSpace  segger_rtt.o
    0x0800661a   0x0800661a   0x00000002   PAD
    0x0800661c   0x0800661c   0x000000c6   Code   RO         4685    i._PrintInt         segger_rtt_printf.o
    0x080066e2   0x080066e2   0x00000002   PAD
    0x080066e4   0x080066e4   0x000000d4   Code   RO         4686    i._PrintUnsigned    segger_rtt_printf.o
    0x080067b8   0x080067b8   0x0000003e   Code   RO         4687    i._StoreChar        segger_rtt_printf.o
    0x080067f6   0x080067f6   0x0000005a   Code   RO         4482    i._WriteBlocking    segger_rtt.o
    0x08006850   0x08006850   0x00000042   Code   RO         4483    i._WriteNoCheck     segger_rtt.o
    0x08006892   0x08006892   0x00000028   Code   RO         5684    i.__ARM_fpclassify  m_ws.l(fpclassify.o)
    0x080068ba   0x080068ba   0x00000020   Code   RO         2384    i.__NVIC_SetPriority  stm32f4xx_hal_cortex.o
    0x080068da   0x080068da   0x000000aa   Code   RO         5686    i.__kernel_poly     m_ws.l(poly.o)
    0x08006984   0x08006984   0x00000006   Code   RO         5671    i.__mathlib_dbl_infnan  m_ws.l(dunder.o)
    0x0800698a   0x0800698a   0x00000004   Code   RO         5672    i.__mathlib_dbl_infnan2  m_ws.l(dunder.o)
    0x0800698e   0x0800698e   0x0000000c   Code   RO         5673    i.__mathlib_dbl_invalid  m_ws.l(dunder.o)
    0x0800699a   0x0800699a   0x00000002   PAD
    0x0800699c   0x0800699c   0x00000010   Code   RO         5676    i.__mathlib_dbl_underflow  m_ws.l(dunder.o)
    0x080069ac   0x080069ac   0x0000000e   Code   RO         5417    i._is_digit         c_w.l(__printf_wp.o)
    0x080069ba   0x080069ba   0x00000002   Code   RO         1073    i._sys_exit         usart.o
    0x080069bc   0x080069bc   0x00000270   Code   RO         5522    i.asin              m_ws.l(asin.o)
    0x08006c2c   0x08006c2c   0x00000044   Code   RO          807    i.assert_failed     main.o
    0x08006c70   0x08006c70   0x00000220   Code   RO         5658    i.atan              m_ws.l(atan.o)
    0x08006e90   0x08006e90   0x00000180   Code   RO         5532    i.atan2             m_ws.l(atan2.o)
    0x08007010   0x08007010   0x00000094   Code   RO          364    i.calkalmanfilter   filter.o
    0x080070a4   0x080070a4   0x00000006   Code   RO           14    i.delay_us          soft_iic.o
    0x080070aa   0x080070aa   0x00000002   PAD
    0x080070ac   0x080070ac   0x0000006c   Code   RO          735    i.flash_erase       internal_flash.o
    0x08007118   0x08007118   0x0000004c   Code   RO          739    i.flash_write_double  internal_flash.o
    0x08007164   0x08007164   0x00000018   Code   RO         1075    i.fputc             usart.o
    0x0800717c   0x0800717c   0x0000000c   Code   RO           15    i.get_iic_retry     soft_iic.o
    0x08007188   0x08007188   0x000000dc   Code   RO          876    i.gpio_init         gpio.o
    0x08007264   0x08007264   0x00000034   Code   RO          621    i.invSqrt           function.o
    0x08007298   0x08007298   0x0000002c   Code   RO          365    i.kalman_param_init  filter.o
    0x080072c4   0x080072c4   0x0000023c   Code   RO          808    i.main              main.o
    0x08007500   0x08007500   0x0000006e   Code   RO           17    i.soft_iic_read     soft_iic.o
    0x0800756e   0x0800756e   0x0000009a   Code   RO           18    i.soft_iic_read_byte  soft_iic.o
    0x08007608   0x08007608   0x0000009a   Code   RO           19    i.soft_iic_read_byte_with_ack  soft_iic.o
    0x080076a2   0x080076a2   0x00000068   Code   RO           20    i.soft_iic_send_byte  soft_iic.o
    0x0800770a   0x0800770a   0x0000006e   Code   RO           21    i.soft_iic_start    soft_iic.o
    0x08007778   0x08007778   0x0000003e   Code   RO           22    i.soft_iic_stop     soft_iic.o
    0x080077b6   0x080077b6   0x0000005c   Code   RO           23    i.soft_iic_wait_ack  soft_iic.o
    0x08007812   0x08007812   0x0000005a   Code   RO           24    i.soft_iic_write    soft_iic.o
    0x0800786c   0x0800786c   0x0000004c   Code   RO         5548    i.sqrt              m_ws.l(sqrt.o)
    0x080078b8   0x080078b8   0x0000002c   Code   RO         5770    locale$$code        c_w.l(lc_numeric_c.o)
    0x080078e4   0x080078e4   0x00000062   Code   RO         5449    x$fpl$d2f           fz_ws.l(d2f.o)
    0x08007946   0x08007946   0x00000002   PAD
    0x08007948   0x08007948   0x00000150   Code   RO         5451    x$fpl$dadd          fz_ws.l(daddsub_clz.o)
    0x08007a98   0x08007a98   0x00000010   Code   RO         5634    x$fpl$dcheck1       fz_ws.l(dcheck1.o)
    0x08007aa8   0x08007aa8   0x000002b0   Code   RO         5458    x$fpl$ddiv          fz_ws.l(ddiv.o)
    0x08007d58   0x08007d58   0x0000005e   Code   RO         5463    x$fpl$dfix          fz_ws.l(dfix.o)
    0x08007db6   0x08007db6   0x0000002e   Code   RO         5476    x$fpl$dflt          fz_ws.l(dflt_clz.o)
    0x08007de4   0x08007de4   0x00000154   Code   RO         5483    x$fpl$dmul          fz_ws.l(dmul.o)
    0x08007f38   0x08007f38   0x0000009c   Code   RO         5638    x$fpl$dnaninf       fz_ws.l(dnaninf.o)
    0x08007fd4   0x08007fd4   0x0000000c   Code   RO         5640    x$fpl$dretinf       fz_ws.l(dretinf.o)
    0x08007fe0   0x08007fe0   0x00000016   Code   RO         5452    x$fpl$drsb          fz_ws.l(daddsub_clz.o)
    0x08007ff6   0x08007ff6   0x00000002   PAD
    0x08007ff8   0x08007ff8   0x00000198   Code   RO         5642    x$fpl$dsqrt         fz_ws.l(dsqrt_umaal.o)
    0x08008190   0x08008190   0x000001d4   Code   RO         5453    x$fpl$dsub          fz_ws.l(daddsub_clz.o)
    0x08008364   0x08008364   0x00000056   Code   RO         5487    x$fpl$f2d           fz_ws.l(f2d.o)
    0x080083ba   0x080083ba   0x00000002   PAD
    0x080083bc   0x080083bc   0x000000c4   Code   RO         5489    x$fpl$fadd          fz_ws.l(faddsub_clz.o)
    0x08008480   0x08008480   0x0000000c   Code   RO         5644    x$fpl$fcheck1       fz_ws.l(fcheck1.o)
    0x0800848c   0x0800848c   0x00000184   Code   RO         5496    x$fpl$fdiv          fz_ws.l(fdiv.o)
    0x08008610   0x08008610   0x00000030   Code   RO         5508    x$fpl$fflt          fz_ws.l(fflt_clz.o)
    0x08008640   0x08008640   0x00000102   Code   RO         5513    x$fpl$fmul          fz_ws.l(fmul.o)
    0x08008742   0x08008742   0x0000008c   Code   RO         5646    x$fpl$fnaninf       fz_ws.l(fnaninf.o)
    0x080087ce   0x080087ce   0x0000000a   Code   RO         5648    x$fpl$fretinf       fz_ws.l(fretinf.o)
    0x080087d8   0x080087d8   0x00000014   Code   RO         5490    x$fpl$frsb          fz_ws.l(faddsub_clz.o)
    0x080087ec   0x080087ec   0x000000ea   Code   RO         5491    x$fpl$fsub          fz_ws.l(faddsub_clz.o)
    0x080088d6   0x080088d6   0x00000002   PAD
    0x080088d8   0x080088d8   0x00000078   Code   RO         5471    x$fpl$llufromd      fz_ws.l(dfixull.o)
    0x08008950   0x08008950   0x00000004   Code   RO         5515    x$fpl$printf1       fz_ws.l(printf1.o)
    0x08008954   0x08008954   0x00000064   Code   RO         5774    x$fpl$retnan        fz_ws.l(retnan.o)
    0x080089b8   0x080089b8   0x0000005c   Code   RO         5517    x$fpl$scalbn        fz_ws.l(scalbn.o)
    0x08008a14   0x08008a14   0x0000004c   Code   RO         5519    x$fpl$scalbnf       fz_ws.l(scalbnf.o)
    0x08008a60   0x08008a60   0x00000030   Code   RO         5842    x$fpl$trapveneer    fz_ws.l(trapv.o)
    0x08008a90   0x08008a90   0x00000000   Code   RO         5656    x$fpl$usenofp       fz_ws.l(usenofp.o)
    0x08008a90   0x08008a90   0x00000008   Data   RO         2083    .constdata          stm32f4xx_hal_dma.o
    0x08008a98   0x08008a98   0x00000010   Data   RO         4414    .constdata          system_stm32f4xx.o
    0x08008aa8   0x08008aa8   0x00000008   Data   RO         4415    .constdata          system_stm32f4xx.o
    0x08008ab0   0x08008ab0   0x00000021   Data   RO         4485    .constdata          segger_rtt.o
    0x08008ad1   0x08008ad1   0x00000010   Data   RO         4688    .constdata          segger_rtt_printf.o
    0x08008ae1   0x08008ae1   0x00000011   Data   RO         5425    .constdata          c_w.l(__printf_flags_ss_wp.o)
    0x08008af2   0x08008af2   0x00000006   PAD
    0x08008af8   0x08008af8   0x00000050   Data   RO         5523    .constdata          m_ws.l(asin.o)
    0x08008b48   0x08008b48   0x00000098   Data   RO         5659    .constdata          m_ws.l(atan.o)
    0x08008be0   0x08008be0   0x00000008   Data   RO         5688    .constdata          m_ws.l(qnan.o)
    0x08008be8   0x08008be8   0x00000094   Data   RO         5739    .constdata          c_w.l(bigflt0.o)
    0x08008c7c   0x08008c7c   0x00000020   Data   RO         5922    Region$$Table       anon$$obj.o
    0x08008c9c   0x08008c9c   0x0000001c   Data   RO         5769    locale$$data        c_w.l(lc_numeric_c.o)


    Execution Region RW_IRAM1 (Exec base: 0x20000000, Load base: 0x08008cb8, Size: 0x00001bd8, Max: 0x00020000, ABSOLUTE, COMPRESSED[0x00000040])

    Exec Addr    Load Addr    Size         Type   Attr      Idx    E Section Name        Object

    0x20000000   COMPRESSED   0x00000002   Data   RW           25    .data               soft_iic.o
    0x20000002   COMPRESSED   0x00000002   PAD
    0x20000004   COMPRESSED   0x00000084   Data   RW          237    .data               mpu6050.o
    0x20000088   COMPRESSED   0x00000080   Data   RW          367    .data               filter.o
    0x20000108   COMPRESSED   0x0000000c   Data   RW          572    .data               imu.o
    0x20000114   COMPRESSED   0x00000004   Data   RW          742    .data               internal_flash.o
    0x20000118   COMPRESSED   0x00000001   Data   RW          809    .data               main.o
    0x20000119   COMPRESSED   0x00000003   PAD
    0x2000011c   COMPRESSED   0x00000004   Data   RW          910    .data               can.o
    0x20000120   COMPRESSED   0x00000001   Data   RW         1079    .data               usart.o
    0x20000121   COMPRESSED   0x00000003   PAD
    0x20000124   COMPRESSED   0x00000004   Data   RW         1080    .data               usart.o
    0x20000128   COMPRESSED   0x0000000c   Data   RW         2528    .data               stm32f4xx_hal.o
    0x20000134   COMPRESSED   0x00000004   Data   RW         4416    .data               system_stm32f4xx.o
    0x20000138   COMPRESSED   0x00000004   Data   RW         5316    .data               madgwickahrs.o
    0x2000013c   COMPRESSED   0x00000014   Data   RW         5352    .data               mahonyahrs.o
    0x20000150        -       0x00000034   Zero   RW          234    .bss                mpu6050.o
    0x20000184        -       0x00000034   Zero   RW          235    .bss                mpu6050.o
    0x200001b8        -       0x00000034   Zero   RW          236    .bss                mpu6050.o
    0x200001ec        -       0x00000020   Zero   RW          366    .bss                filter.o
    0x2000020c        -       0x00000014   Zero   RW          740    .bss                internal_flash.o
    0x20000220        -       0x00000050   Zero   RW          909    .bss                can.o
    0x20000270        -       0x00000058   Zero   RW          981    .bss                spi.o
    0x200002c8        -       0x00000090   Zero   RW         1024    .bss                tim.o
    0x20000358        -       0x00000548   Zero   RW         1078    .bss                usart.o
    0x200008a0        -       0x00000020   Zero   RW         1719    .bss                stm32f4xx_hal_flash.o
    0x200008c0        -       0x00000cb8   Zero   RW         4484    .bss                segger_rtt.o
    0x20001578        -       0x00000060   Zero   RW         5777    .bss                c_w.l(libspace.o)
    0x200015d8        -       0x00000200   Zero   RW            2    HEAP                startup_stm32f446xx.o
    0x200017d8        -       0x00000400   Zero   RW            1    STACK               startup_stm32f446xx.o


==============================================================================

Image component sizes


      Code (inc. data)   RO Data    RW Data    ZI Data      Debug   Object Name

       340         42          0          4         80       2354   can.o
        60          4          0          0          0        750   dma.o
      1304        108          0        128         32       4624   filter.o
        52          4          0          0          0        574   function.o
       220         14          0          0          0       1348   gpio.o
      1208         66          0         12          0       1040   imu.o
       308         82          0          4         20       2626   internal_flash.o
         0          0          0          0          0        572   jscope.o
      1552         44          0          4          0       1471   madgwickahrs.o
      1208         46          0         20          0       1384   mahonyahrs.o
       820        172          0          1          0       3138   main.o
       828         94          0        132        156       9753   mpu6050.o
       426         30         33          0       3256       9662   segger_rtt.o
       900          6         16          0          0       5509   segger_rtt_printf.o
       966         10          0          2          0     748253   soft_iic.o
       172         20          0          0         88       1621   spi.o
        64         26        452          0       1536        796   startup_stm32f446xx.o
       180         28          0         12          0       9085   stm32f4xx_hal.o
       728         66          0          0          0       1407   stm32f4xx_hal_can.o
       460        196          0          0          0      33899   stm32f4xx_hal_cortex.o
      1698        138          8          0          0       7198   stm32f4xx_hal_dma.o
       892        378          0          0         32       5534   stm32f4xx_hal_flash.o
       700        216          0          0          0       4170   stm32f4xx_hal_flash_ex.o
       936        226          0          0          0       2927   stm32f4xx_hal_gpio.o
        48          6          0          0          0        822   stm32f4xx_hal_msp.o
       112         14          0          0          0       1252   stm32f4xx_hal_pwr_ex.o
       684        100          0          0          0       2902   stm32f4xx_hal_rcc.o
      1404         92          0          0          0       2834   stm32f4xx_hal_rcc_ex.o
       596         72          0          0          0       1255   stm32f4xx_hal_spi.o
       568        152          0          0          0       2785   stm32f4xx_hal_tim.o
       336         94          0          0          0       1380   stm32f4xx_hal_tim_ex.o
      2416        178          0          0          0      14068   stm32f4xx_hal_uart.o
        92         20          0          0          0       5629   stm32f4xx_it.o
         2          0         24          4          0       1095   system_stm32f4xx.o
       200         32          0          0        144       2083   tim.o
       470         56          0          5       1352       5756   usart.o

    ----------------------------------------------------------------------
     22976       2832        565        336       6696     901556   Object Totals
         0          0         32          0          0          0   (incl. Generated)
        26          0          0          8          0          0   (incl. Padding)

    ----------------------------------------------------------------------

      Code (inc. data)   RO Data    RW Data    ZI Data      Debug   Library Member Name

        24          4          0          0          0         84   __2printf.o
        90          0          0          0          0          0   __dczerorl2.o
         8          0          0          0          0         68   __main.o
       392          4         17          0          0         92   __printf_flags_ss_wp.o
        14          0          0          0          0         68   __printf_wp.o
         0          0          0          0          0          0   __rtentry.o
        12          0          0          0          0          0   __rtentry2.o
         6          0          0          0          0          0   __rtentry4.o
        52          8          0          0          0          0   __scatter.o
        28          0          0          0          0          0   __scatter_zi.o
        44          0          0          0          0        108   _printf_char.o
        48          6          0          0          0         96   _printf_char_common.o
        36          4          0          0          0         80   _printf_char_file.o
         6          0          0          0          0          0   _printf_d.o
       120         16          0          0          0         92   _printf_dec.o
         6          0          0          0          0          0   _printf_f.o
      1054          0          0          0          0        216   _printf_fp_dec.o
       128         16          0          0          0         84   _printf_fp_infnan.o
       178          0          0          0          0         88   _printf_intcommon.o
        78          0          0          0          0        108   _printf_pad.o
         0          0          0          0          0          0   _printf_percent.o
         4          0          0          0          0          0   _printf_percent_end.o
         6          0          0          0          0          0   _printf_s.o
        82          0          0          0          0         80   _printf_str.o
        22          0          0          0          0        100   _rserrno.o
       228          4        148          0          0         96   bigflt0.o
      1936        128          0          0          0        672   btod.o
        18          0          0          0          0         80   exit.o
         8          0          0          0          0         68   ferror.o
         6          0          0          0          0        152   heapauxi.o
        44         10         28          0          0         76   lc_numeric_c.o
         2          0          0          0          0          0   libinit.o
        18          0          0          0          0          0   libinit2.o
         2          0          0          0          0          0   libshutdown.o
         2          0          0          0          0          0   libshutdown2.o
         8          4          0          0         96         68   libspace.o
       138          0          0          0          0         80   lludiv10.o
       238          0          0          0          0        100   lludivv7m.o
         8          4          0          0          0         68   rt_errno_addr_intlibspace.o
         8          4          0          0          0         68   rt_locale_intlibspace.o
        78          0          0          0          0         80   rt_memclr_w.o
       138          0          0          0          0         68   rt_memcpy_v6.o
       100          0          0          0          0         80   rt_memcpy_w.o
         2          0          0          0          0          0   rtexit.o
        10          0          0          0          0          0   rtexit2.o
       128          0          0          0          0         68   strcmpv7m.o
        74          0          0          0          0         80   sys_stackheap_outer.o
         2          0          0          0          0         68   use_no_semi.o
         2          0          0          0          0         68   use_no_semi_2.o
        98          4          0          0          0         92   d2f.o
       826         16          0          0          0        348   daddsub_clz.o
        16          4          0          0          0         68   dcheck1.o
       688        140          0          0          0        208   ddiv.o
        94          4          0          0          0         92   dfix.o
       120          4          0          0          0        104   dfixull.o
        46          0          0          0          0         68   dflt_clz.o
       340         12          0          0          0        104   dmul.o
       156          4          0          0          0         92   dnaninf.o
        12          0          0          0          0         68   dretinf.o
       408         56          0          0          0        120   dsqrt_umaal.o
        86          4          0          0          0         84   f2d.o
       450          8          0          0          0        236   faddsub_clz.o
        12          4          0          0          0         68   fcheck1.o
       388         76          0          0          0         96   fdiv.o
        48          0          0          0          0         68   fflt_clz.o
       258          4          0          0          0         84   fmul.o
       140          4          0          0          0         84   fnaninf.o
        10          0          0          0          0         68   fretinf.o
         4          0          0          0          0         68   printf1.o
       100          0          0          0          0         68   retnan.o
        92          0          0          0          0         68   scalbn.o
        76          0          0          0          0         68   scalbnf.o
        48          0          0          0          0         68   trapv.o
         0          0          0          0          0          0   usenofp.o
       624         52         80          0          0        168   asin.o
       544         70        152          0          0        124   atan.o
       384         38          0          0          0        144   atan2.o
        38          6          0          0          0        272   dunder.o
        40          0          0          0          0         68   fpclassify.o
       170          0          0          0          0         96   poly.o
         0          0          8          0          0          0   qnan.o
        76          0          0          0          0         84   sqrt.o

    ----------------------------------------------------------------------
     12044        722        439          0         96       6852   Library Totals
        16          0          6          0          0          0   (incl. Padding)

    ----------------------------------------------------------------------

      Code (inc. data)   RO Data    RW Data    ZI Data      Debug   Library Name

      5636        212        193          0         96       3404   c_w.l
      4516        344          0          0          0       2492   fz_ws.l
      1876        166        240          0          0        956   m_ws.l

    ----------------------------------------------------------------------
     12044        722        439          0         96       6852   Library Totals

    ----------------------------------------------------------------------

==============================================================================


      Code (inc. data)   RO Data    RW Data    ZI Data      Debug   

     35020       3554       1004        336       6792     897484   Grand Totals
     35020       3554       1004         64       6792     897484   ELF Image Totals (compressed)
     35020       3554       1004         64          0          0   ROM Totals

==============================================================================

    Total RO  Size (Code + RO Data)                36024 (  35.18kB)
    Total RW  Size (RW Data + ZI Data)              7128 (   6.96kB)
    Total ROM Size (Code + RO Data + RW Data)      36088 (  35.24kB)

==============================================================================

